Component: ARM Compiler 5.06 update 6 (build 750) Tool: armlink [4d35ed]

==============================================================================

Section Cross References

    system_stm32f4xx.o(.text) refers to system_stm32f4xx.o(.data) for SystemCoreClock
    oled_hw_spi.o(.text) refers to _printf_percent.o(.ARM.Collect$$_printf_percent$$00000000) for _printf_percent
    oled_hw_spi.o(.text) refers to _printf_d.o(.ARM.Collect$$_printf_percent$$00000009) for _printf_d
    oled_hw_spi.o(.text) refers to _printf_x.o(.ARM.Collect$$_printf_percent$$0000000C) for _printf_x
    oled_hw_spi.o(.text) refers to _printf_dec.o(.text) for _printf_int_dec
    oled_hw_spi.o(.text) refers to _printf_hex_int.o(.text) for _printf_longlong_hex
    oled_hw_spi.o(.text) refers to _printf_s.o(.ARM.Collect$$_printf_percent$$00000014) for _printf_s
    oled_hw_spi.o(.text) refers to _printf_str.o(.text) for _printf_str
    oled_hw_spi.o(.text) refers to stm32f4xx_rcc.o(.text) for RCC_AHB1PeriphClockCmd
    oled_hw_spi.o(.text) refers to stm32f4xx_gpio.o(.text) for GPIO_Init
    oled_hw_spi.o(.text) refers to stm32f4xx_spi.o(.text) for SPI_Init
    oled_hw_spi.o(.text) refers to oled_hw_spi.o(.constdata) for F8X16
    oled_hw_spi.o(.text) refers to oled_hw_spi.o(.data) for TEST
    oled_hw_spi.o(.text) refers to delay.o(.text) for delay_ms
    oled_hw_spi.o(.text) refers to oled_hw_spi.o(.bss) for OLED_GRAM
    oled_hw_spi.o(.text) refers to w25qxx.o(.text) for W25QXX_Read
    oled_hw_spi.o(.text) refers to noretval__2printf.o(.text) for __2printf
    demo_fontupdate.o(.text) refers to misc.o(.text) for NVIC_PriorityGroupConfig
    demo_fontupdate.o(.text) refers to delay.o(.text) for delay_init
    demo_fontupdate.o(.text) refers to usart.o(.text) for uart6_init
    demo_fontupdate.o(.text) refers to led.o(.text) for LED_Init
    demo_fontupdate.o(.text) refers to key.o(.text) for KEY_Init
    demo_fontupdate.o(.text) refers to w25qxx.o(.text) for W25QXX_Init
    demo_fontupdate.o(.text) refers to oled_hw_spi.o(.text) for SPI2_Init
    demo_fontupdate.o(.text) refers to fontupdate.o(.text) for update_font
    demo_fontupdate.o(.text) refers to noretval__2printf.o(.text) for __2printf
    demo_fontupdate.o(.text) refers to text.o(.text) for Show_Str
    fontupdate.o(.text) refers to _printf_percent.o(.ARM.Collect$$_printf_percent$$00000000) for _printf_percent
    fontupdate.o(.text) refers to _printf_d.o(.ARM.Collect$$_printf_percent$$00000009) for _printf_d
    fontupdate.o(.text) refers to _printf_dec.o(.text) for _printf_int_dec
    fontupdate.o(.text) refers to w25qxx.o(.text) for W25QXX_Init
    fontupdate.o(.text) refers to delay.o(.text) for delay_ms
    fontupdate.o(.text) refers to noretval__2printf.o(.text) for __2printf
    fontupdate.o(.text) refers to oled_hw_spi.o(.text) for OLED_ShowNum
    fontupdate.o(.text) refers to stm32f4xx_dma.o(.text) for DMA_GetCurrentMemoryTarget
    fontupdate.o(.text) refers to usart.o(.text) for uart6_init
    fontupdate.o(.text) refers to fontupdate.o(.bss) for ftinfo
    fontupdate.o(.text) refers to usart.o(.data) for GBK_OVER_Flag
    fontupdate.o(.text) refers to usart.o(.bss) for Usart6_Rece_Buf0
    text.o(.text) refers to w25qxx.o(.text) for W25QXX_Read
    text.o(.text) refers to oled_hw_spi.o(.text) for OLED_DrawPoint
    text.o(.text) refers to fontupdate.o(.bss) for ftinfo
    led.o(.text) refers to stm32f4xx_rcc.o(.text) for RCC_AHB1PeriphClockCmd
    led.o(.text) refers to stm32f4xx_gpio.o(.text) for GPIO_Init
    key.o(.text) refers to stm32f4xx_rcc.o(.text) for RCC_AHB1PeriphClockCmd
    key.o(.text) refers to stm32f4xx_gpio.o(.text) for GPIO_Init
    key.o(.text) refers to delay.o(.text) for delay_ms
    key.o(.text) refers to key.o(.data) for key_up
    spi.o(.text) refers to stm32f4xx_spi.o(.text) for SPI_I2S_GetFlagStatus
    spi.o(.text) refers to stm32f4xx_rcc.o(.text) for RCC_AHB1PeriphClockCmd
    spi.o(.text) refers to stm32f4xx_gpio.o(.text) for GPIO_Init
    w25qxx.o(.text) refers to _printf_percent.o(.ARM.Collect$$_printf_percent$$00000000) for _printf_percent
    w25qxx.o(.text) refers to _printf_x.o(.ARM.Collect$$_printf_percent$$0000000C) for _printf_x
    w25qxx.o(.text) refers to _printf_hex_int.o(.text) for _printf_longlong_hex
    w25qxx.o(.text) refers to spi.o(.text) for SPI1_ReadWriteByte
    w25qxx.o(.text) refers to stm32f4xx_rcc.o(.text) for RCC_AHB1PeriphClockCmd
    w25qxx.o(.text) refers to stm32f4xx_gpio.o(.text) for GPIO_Init
    w25qxx.o(.text) refers to noretval__2printf.o(.text) for __2printf
    w25qxx.o(.text) refers to delay.o(.text) for delay_us
    w25qxx.o(.text) refers to w25qxx.o(.data) for W25QXX_TYPE
    w25qxx.o(.text) refers to w25qxx.o(.bss) for W25QXX_BUFFER
    delay.o(.text) refers to misc.o(.text) for SysTick_CLKSourceConfig
    delay.o(.text) refers to delay.o(.data) for fac_us
    usart.o(.rev16_text) refers (Special) to use_no_semi_2.o(.text) for __use_no_semihosting
[...]
    Removing demo_fontupdate.o(.revsh_text), (4 bytes).
    Removing fontupdate.o(.rev16_text), (4 bytes).
    Removing fontupdate.o(.revsh_text), (4 bytes).
    Removing text.o(.rev16_text), (4 bytes).
    Removing text.o(.revsh_text), (4 bytes).
    Removing led.o(.rev16_text), (4 bytes).
    Removing led.o(.revsh_text), (4 bytes).
    Removing key.o(.rev16_text), (4 bytes).
    Removing key.o(.revsh_text), (4 bytes).
    Removing spi.o(.rev16_text), (4 bytes).
    Removing spi.o(.revsh_text), (4 bytes).
    Removing w25qxx.o(.rev16_text), (4 bytes).
    Removing w25qxx.o(.revsh_text), (4 bytes).
    Removing delay.o(.rev16_text), (4 bytes).
    Removing delay.o(.revsh_text), (4 bytes).
    Removing sys.o(.rev16_text), (4 bytes).
    Removing sys.o(.revsh_text), (4 bytes).
    Removing sys.o(.emb_text), (16 bytes).
    Removing usart.o(.rev16_text), (4 bytes).
    Removing usart.o(.revsh_text), (4 bytes).
    Removing misc.o(.rev16_text), (4 bytes).
    Removing misc.o(.revsh_text), (4 bytes).
    Removing stm32f4xx_gpio.o(.rev16_text), (4 bytes).
    Removing stm32f4xx_gpio.o(.revsh_text), (4 bytes).
    Removing stm32f4xx_fsmc.o(.rev16_text), (4 bytes).
    Removing stm32f4xx_fsmc.o(.revsh_text), (4 bytes).
    Removing stm32f4xx_fsmc.o(.text), (1480 bytes).
    Removing stm32f4xx_fsmc.o(.constdata), (28 bytes).
    Removing stm32f4xx_rcc.o(.rev16_text), (4 bytes).
    Removing stm32f4xx_rcc.o(.revsh_text), (4 bytes).
    Removing stm32f4xx_spi.o(.rev16_text), (4 bytes).
    Removing stm32f4xx_spi.o(.revsh_text), (4 bytes).
    Removing stm32f4xx_syscfg.o(.rev16_text), (4 bytes).
    Removing stm32f4xx_syscfg.o(.revsh_text), (4 bytes).
    Removing stm32f4xx_syscfg.o(.text), (148 bytes).
    Removing stm32f4xx_usart.o(.rev16_text), (4 bytes).
    Removing stm32f4xx_usart.o(.revsh_text), (4 bytes).
    Removing stm32f4xx_dma.o(.rev16_text), (4 bytes).
    Removing stm32f4xx_dma.o(.revsh_text), (4 bytes).
    Removing stm32f4xx_dma2d.o(.rev16_text), (4 bytes).
    Removing stm32f4xx_dma2d.o(.revsh_text), (4 bytes).
    Removing stm32f4xx_dma2d.o(.text), (948 bytes).

49 unused section(s) (total 2796 bytes) removed from the image.

==============================================================================

Image Symbol Table

    Local Symbols

    Symbol Name                              Value     Ov Type        Size  Object(Section)

    ../clib/angel/boardlib.s                 0x00000000   Number         0  boardinit1.o ABSOLUTE
    ../clib/angel/boardlib.s                 0x00000000   Number         0  boardinit2.o ABSOLUTE
    ../clib/angel/boardlib.s                 0x00000000   Number         0  boardinit3.o ABSOLUTE
    ../clib/angel/boardlib.s                 0x00000000   Number         0  boardshut.o ABSOLUTE
    ../clib/angel/dczerorl2.s                0x00000000   Number         0  __dczerorl2.o ABSOLUTE
    ../clib/angel/handlers.s                 0x00000000   Number         0  __scatter_zi.o ABSOLUTE
    ../clib/angel/kernel.s                   0x00000000   Number         0  __rtentry.o ABSOLUTE
    ../clib/angel/kernel.s                   0x00000000   Number         0  __rtentry2.o ABSOLUTE
    ../clib/angel/kernel.s                   0x00000000   Number         0  __rtentry4.o ABSOLUTE
    ../clib/angel/kernel.s                   0x00000000   Number         0  rtexit.o ABSOLUTE
    ../clib/angel/kernel.s                   0x00000000   Number         0  rtexit2.o ABSOLUTE
    ../clib/angel/rt.s                       0x00000000   Number         0  rt_raise.o ABSOLUTE
    ../clib/angel/scatter.s                  0x00000000   Number         0  __scatter.o ABSOLUTE
    ../clib/angel/startup.s                  0x00000000   Number         0  __main.o ABSOLUTE
    ../clib/angel/sys.s                      0x00000000   Number         0  indicate_semi.o ABSOLUTE
    ../clib/angel/sys.s                      0x00000000   Number         0  sys_stackheap_outer.o ABSOLUTE
    ../clib/angel/sys.s                      0x00000000   Number         0  use_no_semi.o ABSOLUTE
    ../clib/angel/sys.s                      0x00000000   Number         0  libspace.o ABSOLUTE
    ../clib/angel/sys.s                      0x00000000   Number         0  use_no_semi_2.o ABSOLUTE
    ../clib/angel/sysapp.c                   0x00000000   Number         0  sys_command.o ABSOLUTE
    ../clib/angel/sysapp.c                   0x00000000   Number         0  sys_wrch.o ABSOLUTE
    ../clib/armsys.c                         0x00000000   Number         0  argv_veneer.o ABSOLUTE
    ../clib/armsys.c                         0x00000000   Number         0  no_argv.o ABSOLUTE
    ../clib/armsys.c                         0x00000000   Number         0  _get_argv_nomalloc.o ABSOLUTE
    ../clib/armsys.c                         0x00000000   Number         0  argv_veneer.o ABSOLUTE
    ../clib/heapalloc.c                      0x00000000   Number         0  hrguard.o ABSOLUTE
    ../clib/heapaux.c                        0x00000000   Number         0  heapauxi.o ABSOLUTE
    ../clib/libinit.s                        0x00000000   Number         0  libshutdown2.o ABSOLUTE
    ../clib/libinit.s                        0x00000000   Number         0  libshutdown.o ABSOLUTE
    ../clib/libinit.s                        0x00000000   Number         0  libinit2.o ABSOLUTE
    ../clib/libinit.s                        0x00000000   Number         0  libinit.o ABSOLUTE
    ../clib/printf.c                         0x00000000   Number         0  _printf_dec.o ABSOLUTE
    ../clib/printf.c                         0x00000000   Number         0  __printf_flags_wp.o ABSOLUTE
    ../clib/printf.c                         0x00000000   Number         0  _printf_str.o ABSOLUTE
    ../clib/printf.c                         0x00000000   Number         0  _printf_char_common.o ABSOLUTE
    ../clib/printf.c                         0x00000000   Number         0  __printf_ss_wp.o ABSOLUTE
    ../clib/printf.c                         0x00000000   Number         0  _printf_char.o ABSOLUTE
    ../clib/printf.c                         0x00000000   Number         0  _printf_hex_int_ll_ptr.o ABSOLUTE
    ../clib/printf.c                         0x00000000   Number         0  _printf_intcommon.o ABSOLUTE
    ../clib/printf.c                         0x00000000   Number         0  __printf_flags_ss_wp.o ABSOLUTE
    ../clib/printf.c                         0x00000000   Number         0  __printf_nopercent.o ABSOLUTE
    ../clib/printf.c                         0x00000000   Number         0  __printf.o ABSOLUTE
    ../clib/printf.c                         0x00000000   Number         0  noretval__2printf.o ABSOLUTE
    ../clib/printf.c                         0x00000000   Number         0  _printf_char_file.o ABSOLUTE
    ../clib/printf.c                         0x00000000   Number         0  __2printf.o ABSOLUTE
    ../clib/printf.c                         0x00000000   Number         0  _printf_hex_ll.o ABSOLUTE
    ../clib/printf.c                         0x00000000   Number         0  _printf_hex_int.o ABSOLUTE
    ../clib/printf.c                         0x00000000   Number         0  _printf_hex_int_ll.o ABSOLUTE
    ../clib/printf.c                         0x00000000   Number         0  _printf_hex_ptr.o ABSOLUTE
    ../clib/printf.c                         0x00000000   Number         0  _printf_hex_int_ptr.o ABSOLUTE
    ../clib/printf.c                         0x00000000   Number         0  _printf_hex_ll_ptr.o ABSOLUTE
    ../clib/printf.c                         0x00000000   Number         0  __printf_flags.o ABSOLUTE
    ../clib/printf.c                         0x00000000   Number         0  __printf_ss.o ABSOLUTE
    ../clib/printf.c                         0x00000000   Number         0  __printf_flags_ss.o ABSOLUTE
    ../clib/printf.c                         0x00000000   Number         0  __printf_wp.o ABSOLUTE
    ../clib/printf_percent.s                 0x00000000   Number         0  _printf_x.o ABSOLUTE
    ../clib/printf_percent.s                 0x00000000   Number         0  _printf_d.o ABSOLUTE
    ../clib/printf_percent.s                 0x00000000   Number         0  _printf_s.o ABSOLUTE
    ../clib/printf_percent.s                 0x00000000   Number         0  _printf_percent.o ABSOLUTE
    ../clib/printf_percent.s                 0x00000000   Number         0  _printf_percent_end.o ABSOLUTE
    ../clib/signal.c                         0x00000000   Number         0  defsig_stak_inner.o ABSOLUTE
    ../clib/signal.c                         0x00000000   Number         0  defsig_rtred_inner.o ABSOLUTE
    ../clib/signal.c                         0x00000000   Number         0  defsig_fpe_inner.o ABSOLUTE
    ../clib/signal.c                         0x00000000   Number         0  defsig_abrt_inner.o ABSOLUTE
    ../clib/signal.c                         0x00000000   Number         0  __raise.o ABSOLUTE
    ../clib/signal.c                         0x00000000   Number         0  defsig_rtmem_inner.o ABSOLUTE
    ../clib/signal.c                         0x00000000   Number         0  defsig_exit.o ABSOLUTE
    ../clib/signal.c                         0x00000000   Number         0  defsig_general.o ABSOLUTE
    ../clib/signal.c                         0x00000000   Number         0  defsig_cppl_inner.o ABSOLUTE
    ../clib/signal.c                         0x00000000   Number         0  defsig_rtmem_formal.o ABSOLUTE
    ../clib/signal.c                         0x00000000   Number         0  defsig_segv_inner.o ABSOLUTE
    ../clib/signal.c                         0x00000000   Number         0  defsig_other.o ABSOLUTE
    ../clib/signal.c                         0x00000000   Number         0  defsig_pvfn_inner.o ABSOLUTE
    ../clib/signal.c                         0x00000000   Number         0  defsig_rtmem_outer.o ABSOLUTE
    ../clib/signal.s                         0x00000000   Number         0  defsig.o ABSOLUTE
    ../clib/stdio.c                          0x00000000   Number         0  ferror.o ABSOLUTE
    ../clib/stdio.c                          0x00000000   Number         0  ferror_locked.o ABSOLUTE
    ../clib/stdlib.c                         0x00000000   Number         0  exit.o ABSOLUTE
    ../fplib/fpinit.s                        0x00000000   Number         0  fpinit.o ABSOLUTE
    ..\CORE\startup_stm32f40_41xxx.s         0x00000000   Number         0  startup_stm32f40_41xxx.o ABSOLUTE
    ..\FWLIB\src\misc.c                      0x00000000   Number         0  misc.o ABSOLUTE
    ..\FWLIB\src\stm32f4xx_dma.c             0x00000000   Number         0  stm32f4xx_dma.o ABSOLUTE
    ..\FWLIB\src\stm32f4xx_dma2d.c           0x00000000   Number         0  stm32f4xx_dma2d.o ABSOLUTE
    ..\FWLIB\src\stm32f4xx_fsmc.c            0x00000000   Number         0  stm32f4xx_fsmc.o ABSOLUTE
    ..\FWLIB\src\stm32f4xx_gpio.c            0x00000000   Number         0  stm32f4xx_gpio.o ABSOLUTE
    ..\FWLIB\src\stm32f4xx_rcc.c             0x00000000   Number         0  stm32f4xx_rcc.o ABSOLUTE
    ..\FWLIB\src\stm32f4xx_spi.c             0x00000000   Number         0  stm32f4xx_spi.o ABSOLUTE
    ..\FWLIB\src\stm32f4xx_syscfg.c          0x00000000   Number         0  stm32f4xx_syscfg.o ABSOLUTE
    ..\FWLIB\src\stm32f4xx_usart.c           0x00000000   Number         0  stm32f4xx_usart.o ABSOLUTE
    ..\HARDWARE\KEY\key.c                    0x00000000   Number         0  key.o ABSOLUTE
    ..\HARDWARE\LED\led.c                    0x00000000   Number         0  led.o ABSOLUTE
    ..\HARDWARE\SPI\spi.c                    0x00000000   Number         0  spi.o ABSOLUTE
    ..\HARDWARE\TEXT\fontupdate.c            0x00000000   Number         0  fontupdate.o ABSOLUTE
    ..\HARDWARE\W25QXX\w25qxx.c              0x00000000   Number         0  w25qxx.o ABSOLUTE
    ..\SYSTEM\delay\delay.c                  0x00000000   Number         0  delay.o ABSOLUTE
    ..\SYSTEM\sys\sys.c                      0x00000000   Number         0  sys.o ABSOLUTE
    ..\SYSTEM\usart\usart.c                  0x00000000   Number         0  usart.o ABSOLUTE
    ..\\FWLIB\\src\\misc.c                   0x00000000   Number         0  misc.o ABSOLUTE
    ..\\FWLIB\\src\\stm32f4xx_dma.c          0x00000000   Number         0  stm32f4xx_dma.o ABSOLUTE
    ..\\FWLIB\\src\\stm32f4xx_dma2d.c        0x00000000   Number         0  stm32f4xx_dma2d.o ABSOLUTE
    ..\\FWLIB\\src\\stm32f4xx_fsmc.c         0x00000000   Number         0  stm32f4xx_fsmc.o ABSOLUTE
    ..\\FWLIB\\src\\stm32f4xx_gpio.c         0x00000000   Number         0  stm32f4xx_gpio.o ABSOLUTE
    ..\\FWLIB\\src\\stm32f4xx_rcc.c          0x00000000   Number         0  stm32f4xx_rcc.o ABSOLUTE
    ..\\FWLIB\\src\\stm32f4xx_spi.c          0x00000000   Number         0  stm32f4xx_spi.o ABSOLUTE
    ..\\FWLIB\\src\\stm32f4xx_syscfg.c       0x00000000   Number         0  stm32f4xx_syscfg.o ABSOLUTE
    ..\\FWLIB\\src\\stm32f4xx_usart.c        0x00000000   Number         0  stm32f4xx_usart.o ABSOLUTE
    ..\\HARDWARE\\KEY\\key.c                 0x00000000   Number         0  key.o ABSOLUTE
    ..\\HARDWARE\\LED\\led.c                 0x00000000   Number         0  led.o ABSOLUTE
    ..\\HARDWARE\\SPI\\spi.c                 0x00000000   Number         0  spi.o ABSOLUTE
    ..\\HARDWARE\\TEXT\\fontupdate.c         0x00000000   Number         0  fontupdate.o ABSOLUTE
    ..\\HARDWARE\\W25QXX\\w25qxx.c           0x00000000   Number         0  w25qxx.o ABSOLUTE
    ..\\SYSTEM\\delay\\delay.c               0x00000000   Number         0  delay.o ABSOLUTE
    ..\\SYSTEM\\sys\\sys.c                   0x00000000   Number         0  sys.o ABSOLUTE
    ..\\SYSTEM\\usart\\usart.c               0x00000000   Number         0  usart.o ABSOLUTE
    dc.s                                     0x00000000   Number         0  dc.o ABSOLUTE
    demo_fontupdate.c                        0x00000000   Number         0  demo_fontupdate.o ABSOLUTE
    demo_fontupdate.c                        0x00000000   Number         0  demo_fontupdate.o ABSOLUTE
    oled_hw_spi.c                            0x00000000   Number         0  oled_hw_spi.o ABSOLUTE
    oled_hw_spi.c                            0x00000000   Number         0  oled_hw_spi.o ABSOLUTE
    stm32f4xx_it.c                           0x00000000   Number         0  stm32f4xx_it.o ABSOLUTE
    stm32f4xx_it.c                           0x00000000   Number         0  stm32f4xx_it.o ABSOLUTE
    system_stm32f4xx.c                       0x00000000   Number         0  system_stm32f4xx.o ABSOLUTE
    system_stm32f4xx.c                       0x00000000   Number         0  system_stm32f4xx.o ABSOLUTE
    text.c                                   0x00000000   Number         0  text.o ABSOLUTE
    text.c                                   0x00000000   Number         0  text.o ABSOLUTE
    RESET                                    0x08000000   Section      392  startup_stm32f40_41xxx.o(RESET)
    !!!main                                  0x08000188   Section        8  __main.o(!!!main)
    !!!scatter                               0x08000190   Section       52  __scatter.o(!!!scatter)
    !!dczerorl2                              0x080001c4   Section       90  __dczerorl2.o(!!dczerorl2)
    !!handler_zi                             0x08000220   Section       28  __scatter_zi.o(!!handler_zi)
    .ARM.Collect$$_printf_percent$$00000000  0x0800023c   Section        0  _printf_percent.o(.ARM.Collect$$_printf_percent$$00000000)
    .ARM.Collect$$_printf_percent$$00000009  0x0800023c   Section        6  _printf_d.o(.ARM.Collect$$_printf_percent$$00000009)
    .ARM.Collect$$_printf_percent$$0000000C  0x08000242   Section        6  _printf_x.o(.ARM.Collect$$_printf_percent$$0000000C)
    .ARM.Collect$$_printf_percent$$00000014  0x08000248   Section        6  _printf_s.o(.ARM.Collect$$_printf_percent$$00000014)
    .ARM.Collect$$_printf_percent$$00000017  0x0800024e   Section        4  _printf_percent_end.o(.ARM.Collect$$_printf_percent$$00000017)
    .ARM.Collect$$libinit$$00000000          0x08000252   Section        2  libinit.o(.ARM.Collect$$libinit$$00000000)
    .ARM.Collect$$libinit$$00000001          0x08000254   Section        4  libinit2.o(.ARM.Collect$$libinit$$00000001)
    .ARM.Collect$$libinit$$00000004          0x08000258   Section        0  libinit2.o(.ARM.Collect$$libinit$$00000004)
    .ARM.Collect$$libinit$$0000000A          0x08000258   Section        0  libinit2.o(.ARM.Collect$$libinit$$0000000A)
    .ARM.Collect$$libinit$$0000000C          0x08000258   Section        0  libinit2.o(.ARM.Collect$$libinit$$0000000C)
    .ARM.Collect$$libinit$$0000000E          0x08000258   Section        0  libinit2.o(.ARM.Collect$$libinit$$0000000E)
    .ARM.Collect$$libinit$$00000011          0x08000258   Section        0  libinit2.o(.ARM.Collect$$libinit$$00000011)
    .ARM.Collect$$libinit$$00000013          0x08000258   Section        0  libinit2.o(.ARM.Collect$$libinit$$00000013)
    .ARM.Collect$$libinit$$00000015          0x08000258   Section        0  libinit2.o(.ARM.Collect$$libinit$$00000015)
    .ARM.Collect$$libinit$$00000017          0x08000258   Section        0  libinit2.o(.ARM.Collect$$libinit$$00000017)
    .ARM.Collect$$libinit$$00000019          0x08000258   Section        0  libinit2.o(.ARM.Collect$$libinit$$00000019)
    .ARM.Collect$$libinit$$0000001B          0x08000258   Section        0  libinit2.o(.ARM.Collect$$libinit$$0000001B)
    .ARM.Collect$$libinit$$0000001D          0x08000258   Section        0  libinit2.o(.ARM.Collect$$libinit$$0000001D)
    .ARM.Collect$$libinit$$0000001F          0x08000258   Section        0  libinit2.o(.ARM.Collect$$libinit$$0000001F)
    .ARM.Collect$$libinit$$00000021          0x08000258   Section        0  libinit2.o(.ARM.Collect$$libinit$$00000021)
    .ARM.Collect$$libinit$$00000023          0x08000258   Section        0  libinit2.o(.ARM.Collect$$libinit$$00000023)
    .ARM.Collect$$libinit$$00000025          0x08000258   Section        0  libinit2.o(.ARM.Collect$$libinit$$00000025)
    .ARM.Collect$$libinit$$0000002C          0x08000258   Section        0  libinit2.o(.ARM.Collect$$libinit$$0000002C)
    .ARM.Collect$$libinit$$0000002E          0x08000258   Section        0  libinit2.o(.ARM.Collect$$libinit$$0000002E)
    .ARM.Collect$$libinit$$00000030          0x08000258   Section        0  libinit2.o(.ARM.Collect$$libinit$$00000030)
    .ARM.Collect$$libinit$$00000032          0x08000258   Section        0  libinit2.o(.ARM.Collect$$libinit$$00000032)
    .ARM.Collect$$libinit$$00000033          0x08000258   Section        2  libinit2.o(.ARM.Collect$$libinit$$00000033)
    .ARM.Collect$$libshutdown$$00000000      0x0800025a   Section        2  libshutdown.o(.ARM.Collect$$libshutdown$$00000000)
    .ARM.Collect$$libshutdown$$00000002      0x0800025c   Section        0  libshutdown2.o(.ARM.Collect$$libshutdown$$00000002)
    .ARM.Collect$$libshutdown$$00000004      0x0800025c   Section        0  libshutdown2.o(.ARM.Collect$$libshutdown$$00000004)
    .ARM.Collect$$libshutdown$$00000007      0x0800025c   Section        0  libshutdown2.o(.ARM.Collect$$libshutdown$$00000007)
    .ARM.Collect$$libshutdown$$0000000A      0x0800025c   Section        0  libshutdown2.o(.ARM.Collect$$libshutdown$$0000000A)
    .ARM.Collect$$libshutdown$$0000000C      0x0800025c   Section        0  libshutdown2.o(.ARM.Collect$$libshutdown$$0000000C)
    .ARM.Collect$$libshutdown$$0000000F      0x0800025c   Section        0  libshutdown2.o(.ARM.Collect$$libshutdown$$0000000F)
    .ARM.Collect$$libshutdown$$00000010      0x0800025c   Section        2  libshutdown2.o(.ARM.Collect$$libshutdown$$00000010)
    .ARM.Collect$$rtentry$$00000000          0x0800025e   Section        0  __rtentry.o(.ARM.Collect$$rtentry$$00000000)
    .ARM.Collect$$rtentry$$00000002          0x0800025e   Section        0  __rtentry2.o(.ARM.Collect$$rtentry$$00000002)
    .ARM.Collect$$rtentry$$00000004          0x0800025e   Section        6  __rtentry4.o(.ARM.Collect$$rtentry$$00000004)
    .ARM.Collect$$rtentry$$00000009          0x08000264   Section        0  __rtentry2.o(.ARM.Collect$$rtentry$$00000009)
    .ARM.Collect$$rtentry$$0000000A          0x08000264   Section        4  __rtentry2.o(.ARM.Collect$$rtentry$$0000000A)
    .ARM.Collect$$rtentry$$0000000C          0x08000268   Section        0  __rtentry2.o(.ARM.Collect$$rtentry$$0000000C)
    .ARM.Collect$$rtentry$$0000000D          0x08000268   Section        8  __rtentry2.o(.ARM.Collect$$rtentry$$0000000D)
    .ARM.Collect$$rtexit$$00000000           0x08000270   Section        2  rtexit.o(.ARM.Collect$$rtexit$$00000000)
    .ARM.Collect$$rtexit$$00000002           0x08000272   Section        0  rtexit2.o(.ARM.Collect$$rtexit$$00000002)
    .ARM.Collect$$rtexit$$00000003           0x08000272   Section        4  rtexit2.o(.ARM.Collect$$rtexit$$00000003)
    .ARM.Collect$$rtexit$$00000004           0x08000276   Section        6  rtexit2.o(.ARM.Collect$$rtexit$$00000004)
    .text                                    0x0800027c   Section        0  stm32f4xx_it.o(.text)
    .text                                    0x08000298   Section        0  system_stm32f4xx.o(.text)
    SetSysClock                              0x08000299   Thumb Code   220  system_stm32f4xx.o(.text)
    .text                                    0x080004a8   Section        0  oled_hw_spi.o(.text)
    oled_write_byte                          0x080005f7   Thumb Code    12  oled_hw_spi.o(.text)
    oled_write_operate                       0x08000603   Thumb Code    74  oled_hw_spi.o(.text)
    .text                                    0x08001520   Section        0  demo_fontupdate.o(.text)
    .text                                    0x08001648   Section        0  fontupdate.o(.text)
    .text                                    0x08001ac4   Section        0  text.o(.text)
    .text                                    0x08001cf0   Section        0  led.o(.text)
    .text                                    0x08001d2c   Section        0  key.o(.text)
    .text                                    0x08001e0c   Section        0  spi.o(.text)
    .text                                    0x08001f24   Section        0  w25qxx.o(.text)
    .text                                    0x08002288   Section        0  delay.o(.text)
    .text                                    0x0800238c   Section        0  usart.o(.text)
    .text                                    0x08002690   Section       64  startup_stm32f40_41xxx.o(.text)
    $v0                                      0x08002690   Number         0  startup_stm32f40_41xxx.o(.text)
    .text                                    0x080026d0   Section        0  misc.o(.text)
    .text                                    0x080027b0   Section        0  stm32f4xx_gpio.o(.text)
    .text                                    0x08002a44   Section        0  stm32f4xx_rcc.o(.text)
    .text                                    0x080030a0   Section        0  stm32f4xx_spi.o(.text)
    .text                                    0x08003520   Section        0  stm32f4xx_usart.o(.text)
    .text                                    0x08003974   Section        0  stm32f4xx_dma.o(.text)
    .text                                    0x08003d1c   Section        2  use_no_semi_2.o(.text)
    .text                                    0x08003d20   Section        0  noretval__2printf.o(.text)
    .text                                    0x08003d38   Section        0  __printf.o(.text)
    .text                                    0x08003da0   Section        0  _printf_str.o(.text)
    .text                                    0x08003df4   Section        0  _printf_dec.o(.text)
    .text                                    0x08003e6c   Section        0  _printf_hex_int.o(.text)
    .text                                    0x08003ec4   Section        0  heapauxi.o(.text)
    .text                                    0x08003eca   Section        2  use_no_semi.o(.text)
    .text                                    0x08003ecc   Section        0  _printf_intcommon.o(.text)
    .text                                    0x08003f7e   Section        0  _printf_char.o(.text)
    .text                                    0x08003fac   Section        0  _printf_char_file.o(.text)
    .text                                    0x08003fd0   Section        0  _printf_char_common.o(.text)
    _printf_input_char                       0x08003fd1   Thumb Code    10  _printf_char_common.o(.text)
    .text                                    0x08004000   Section        0  ferror.o(.text)
    .text                                    0x08004008   Section       74  sys_stackheap_outer.o(.text)
    .text                                    0x08004052   Section        0  exit.o(.text)
    .text                                    0x08004064   Section        8  libspace.o(.text)
    x$fpl$fpinit                             0x0800406c   Section       10  fpinit.o(x$fpl$fpinit)
    $v0                                      0x0800406c   Number         0  fpinit.o(x$fpl$fpinit)
    .constdata                               0x08004076   Section    10056  oled_hw_spi.o(.constdata)
    .constdata                               0x080067be   Section       40  _printf_hex_int.o(.constdata)
    uc_hextab                                0x080067be   Data          20  _printf_hex_int.o(.constdata)
    lc_hextab                                0x080067d2   Data          20  _printf_hex_int.o(.constdata)
    .data                                    0x20000000   Section       20  system_stm32f4xx.o(.data)
    .data                                    0x20000014   Section     6904  oled_hw_spi.o(.data)
    .data                                    0x20001b0c   Section        1  key.o(.data)
    key_up                                   0x20001b0c   Data           1  key.o(.data)
    .data                                    0x20001b0e   Section        2  w25qxx.o(.data)
    .data                                    0x20001b10   Section        4  delay.o(.data)
    fac_us                                   0x20001b10   Data           1  delay.o(.data)
    fac_ms                                   0x20001b12   Data           2  delay.o(.data)
    .data                                    0x20001b14   Section       21  usart.o(.data)
    .data                                    0x20001b29   Section       16  stm32f4xx_rcc.o(.data)
    APBAHBPrescTable                         0x20001b29   Data          16  stm32f4xx_rcc.o(.data)
    .bss                                     0x20001b3c   Section     1024  oled_hw_spi.o(.bss)
    .bss                                     0x20001f3c   Section       33  fontupdate.o(.bss)
    .bss                                     0x20001f5d   Section     4096  w25qxx.o(.bss)
    .bss                                     0x20002f5d   Section     8494  usart.o(.bss)
    .bss                                     0x2000508c   Section       96  libspace.o(.bss)
    HEAP                                     0x200050f0   Section      512  startup_stm32f40_41xxx.o(HEAP)
    Heap_Mem                                 0x200050f0   Data         512  startup_stm32f40_41xxx.o(HEAP)
    STACK                                    0x200052f0   Section     1024  startup_stm32f40_41xxx.o(STACK)
    Stack_Mem                                0x200052f0   Data        1024  startup_stm32f40_41xxx.o(STACK)
    __initial_sp                             0x200056f0   Data           0  startup_stm32f40_41xxx.o(STACK)

    Global Symbols

    Symbol Name                              Value     Ov Type        Size  Object(Section)

    BuildAttributes$$THM_ISAv4$E$P$D$K$B$S$7EM$VFPi3$EXTD16$VFPS$VFMA$PE$A:L22UL41UL21$X:L11$S22US41US21$IEEE1$IW$USESV6$~STKCKD$USESV7$~SHL$OSPACE$ROPI$EBA8$UX$STANDARDLIB$REQ8$PRES8$EABIv2 0x00000000   Number         0  anon$$obj.o ABSOLUTE
    __ARM_use_no_argv                        0x00000000   Number         0  demo_fontupdate.o ABSOLUTE
    __ARM_exceptions_init                     - Undefined Weak Reference
    __alloca_initialize                       - Undefined Weak Reference
    __arm_preinit_                            - Undefined Weak Reference
    __cpp_initialize__aeabi_                  - Undefined Weak Reference
    __cxa_finalize                            - Undefined Weak Reference
    __rt_locale                               - Undefined Weak Reference
    __sigvec_lookup                           - Undefined Weak Reference
    _atexit_init                              - Undefined Weak Reference
    _call_atexit_fns                          - Undefined Weak Reference
    _clock_init                               - Undefined Weak Reference
    _fp_trap_init                             - Undefined Weak Reference
    _fp_trap_shutdown                         - Undefined Weak Reference
    _get_lc_collate                           - Undefined Weak Reference
    _get_lc_ctype                             - Undefined Weak Reference
    _get_lc_monetary                          - Undefined Weak Reference
    _get_lc_numeric                           - Undefined Weak Reference
    _get_lc_time                              - Undefined Weak Reference
    _getenv_init                              - Undefined Weak Reference
    _handle_redirection                       - Undefined Weak Reference
    _init_alloc                               - Undefined Weak Reference
    _init_user_alloc                          - Undefined Weak Reference
    _initio                                   - Undefined Weak Reference
    _mutex_acquire                            - Undefined Weak Reference
    _mutex_release                            - Undefined Weak Reference
    _printf_mbtowc                            - Undefined Weak Reference
    _printf_post_padding                      - Undefined Weak Reference
    _printf_pre_padding                       - Undefined Weak Reference
    _printf_truncate_signed                   - Undefined Weak Reference
    _printf_truncate_unsigned                 - Undefined Weak Reference
    _rand_init                                - Undefined Weak Reference
    _signal_finish                            - Undefined Weak Reference
    _signal_init                              - Undefined Weak Reference
    _terminate_alloc                          - Undefined Weak Reference
    _terminate_user_alloc                     - Undefined Weak Reference
    _terminateio                              - Undefined Weak Reference
    __Vectors_Size                           0x00000188   Number         0  startup_stm32f40_41xxx.o ABSOLUTE
    __Vectors                                0x08000000   Data           4  startup_stm32f40_41xxx.o(RESET)
    __Vectors_End                            0x08000188   Data           0  startup_stm32f40_41xxx.o(RESET)
    __main                                   0x08000189   Thumb Code     8  __main.o(!!!main)
    __scatterload                            0x08000191   Thumb Code     0  __scatter.o(!!!scatter)
    __scatterload_rt2                        0x08000191   Thumb Code    44  __scatter.o(!!!scatter)
    __scatterload_rt2_thumb_only             0x08000191   Thumb Code     0  __scatter.o(!!!scatter)
    __scatterload_null                       0x0800019f   Thumb Code     0  __scatter.o(!!!scatter)
    __decompress                             0x080001c5   Thumb Code    90  __dczerorl2.o(!!dczerorl2)
    __decompress1                            0x080001c5   Thumb Code     0  __dczerorl2.o(!!dczerorl2)
    __scatterload_zeroinit                   0x08000221   Thumb Code    28  __scatter_zi.o(!!handler_zi)
    _printf_d                                0x0800023d   Thumb Code     0  _printf_d.o(.ARM.Collect$$_printf_percent$$00000009)
    _printf_percent                          0x0800023d   Thumb Code     0  _printf_percent.o(.ARM.Collect$$_printf_percent$$00000000)
    _printf_x                                0x08000243   Thumb Code     0  _printf_x.o(.ARM.Collect$$_printf_percent$$0000000C)
    _printf_s                                0x08000249   Thumb Code     0  _printf_s.o(.ARM.Collect$$_printf_percent$$00000014)
    _printf_percent_end                      0x0800024f   Thumb Code     0  _printf_percent_end.o(.ARM.Collect$$_printf_percent$$00000017)
    __rt_lib_init                            0x08000253   Thumb Code     0  libinit.o(.ARM.Collect$$libinit$$00000000)
    __rt_lib_init_fp_1                       0x08000255   Thumb Code     0  libinit2.o(.ARM.Collect$$libinit$$00000001)
    __rt_lib_init_alloca_1                   0x08000259   Thumb Code     0  libinit2.o(.ARM.Collect$$libinit$$0000002E)
    __rt_lib_init_argv_1                     0x08000259   Thumb Code     0  libinit2.o(.ARM.Collect$$libinit$$0000002C)
    __rt_lib_init_atexit_1                   0x08000259   Thumb Code     0  libinit2.o(.ARM.Collect$$libinit$$0000001B)
    __rt_lib_init_clock_1                    0x08000259   Thumb Code     0  libinit2.o(.ARM.Collect$$libinit$$00000021)
    __rt_lib_init_cpp_1                      0x08000259   Thumb Code     0  libinit2.o(.ARM.Collect$$libinit$$00000032)
    __rt_lib_init_exceptions_1               0x08000259   Thumb Code     0  libinit2.o(.ARM.Collect$$libinit$$00000030)
    __rt_lib_init_fp_trap_1                  0x08000259   Thumb Code     0  libinit2.o(.ARM.Collect$$libinit$$0000001F)
    __rt_lib_init_getenv_1                   0x08000259   Thumb Code     0  libinit2.o(.ARM.Collect$$libinit$$00000023)
    __rt_lib_init_heap_1                     0x08000259   Thumb Code     0  libinit2.o(.ARM.Collect$$libinit$$0000000A)
    __rt_lib_init_lc_collate_1               0x08000259   Thumb Code     0  libinit2.o(.ARM.Collect$$libinit$$00000011)
    __rt_lib_init_lc_ctype_1                 0x08000259   Thumb Code     0  libinit2.o(.ARM.Collect$$libinit$$00000013)
    __rt_lib_init_lc_monetary_1              0x08000259   Thumb Code     0  libinit2.o(.ARM.Collect$$libinit$$00000015)
    __rt_lib_init_lc_numeric_1               0x08000259   Thumb Code     0  libinit2.o(.ARM.Collect$$libinit$$00000017)
    __rt_lib_init_lc_time_1                  0x08000259   Thumb Code     0  libinit2.o(.ARM.Collect$$libinit$$00000019)
    __rt_lib_init_preinit_1                  0x08000259   Thumb Code     0  libinit2.o(.ARM.Collect$$libinit$$00000004)
    __rt_lib_init_rand_1                     0x08000259   Thumb Code     0  libinit2.o(.ARM.Collect$$libinit$$0000000E)
    __rt_lib_init_return                     0x08000259   Thumb Code     0  libinit2.o(.ARM.Collect$$libinit$$00000033)
    __rt_lib_init_signal_1                   0x08000259   Thumb Code     0  libinit2.o(.ARM.Collect$$libinit$$0000001D)
    __rt_lib_init_stdio_1                    0x08000259   Thumb Code     0  libinit2.o(.ARM.Collect$$libinit$$00000025)
    __rt_lib_init_user_alloc_1               0x08000259   Thumb Code     0  libinit2.o(.ARM.Collect$$libinit$$0000000C)
    __rt_lib_shutdown                        0x0800025b   Thumb Code     0  libshutdown.o(.ARM.Collect$$libshutdown$$00000000)
    __rt_lib_shutdown_cpp_1                  0x0800025d   Thumb Code     0  libshutdown2.o(.ARM.Collect$$libshutdown$$00000002)
    __rt_lib_shutdown_fp_trap_1              0x0800025d   Thumb Code     0  libshutdown2.o(.ARM.Collect$$libshutdown$$00000007)
    __rt_lib_shutdown_heap_1                 0x0800025d   Thumb Code     0  libshutdown2.o(.ARM.Collect$$libshutdown$$0000000F)
    __rt_lib_shutdown_return                 0x0800025d   Thumb Code     0  libshutdown2.o(.ARM.Collect$$libshutdown$$00000010)
    __rt_lib_shutdown_signal_1               0x0800025d   Thumb Code     0  libshutdown2.o(.ARM.Collect$$libshutdown$$0000000A)
    __rt_lib_shutdown_stdio_1                0x0800025d   Thumb Code     0  libshutdown2.o(.ARM.Collect$$libshutdown$$00000004)
    __rt_lib_shutdown_user_alloc_1           0x0800025d   Thumb Code     0  libshutdown2.o(.ARM.Collect$$libshutdown$$0000000C)
    __rt_entry                               0x0800025f   Thumb Code     0  __rtentry.o(.ARM.Collect$$rtentry$$00000000)
    __rt_entry_presh_1                       0x0800025f   Thumb Code     0  __rtentry2.o(.ARM.Collect$$rtentry$$00000002)
    __rt_entry_sh                            0x0800025f   Thumb Code     0  __rtentry4.o(.ARM.Collect$$rtentry$$00000004)
    __rt_entry_li                            0x08000265   Thumb Code     0  __rtentry2.o(.ARM.Collect$$rtentry$$0000000A)
    __rt_entry_postsh_1                      0x08000265   Thumb Code     0  __rtentry2.o(.ARM.Collect$$rtentry$$00000009)
    __rt_entry_main                          0x08000269   Thumb Code     0  __rtentry2.o(.ARM.Collect$$rtentry$$0000000D)
    __rt_entry_postli_1                      0x08000269   Thumb Code     0  __rtentry2.o(.ARM.Collect$$rtentry$$0000000C)
    __rt_exit                                0x08000271   Thumb Code     0  rtexit.o(.ARM.Collect$$rtexit$$00000000)
    __rt_exit_ls                             0x08000273   Thumb Code     0  rtexit2.o(.ARM.Collect$$rtexit$$00000003)
    __rt_exit_prels_1                        0x08000273   Thumb Code     0  rtexit2.o(.ARM.Collect$$rtexit$$00000002)
    __rt_exit_exit                           0x08000277   Thumb Code     0  rtexit2.o(.ARM.Collect$$rtexit$$00000004)
    NMI_Handler                              0x0800027d   Thumb Code     2  stm32f4xx_it.o(.text)
    HardFault_Handler                        0x0800027f   Thumb Code     4  stm32f4xx_it.o(.text)
    MemManage_Handler                        0x08000283   Thumb Code     4  stm32f4xx_it.o(.text)
    BusFault_Handler                         0x08000287   Thumb Code     4  stm32f4xx_it.o(.text)
    UsageFault_Handler                       0x0800028b   Thumb Code     4  stm32f4xx_it.o(.text)
    SVC_Handler                              0x0800028f   Thumb Code     2  stm32f4xx_it.o(.text)
    DebugMon_Handler                         0x08000291   Thumb Code     2  stm32f4xx_it.o(.text)
    PendSV_Handler                           0x08000293   Thumb Code     2  stm32f4xx_it.o(.text)
    SysTick_Handler                          0x08000295   Thumb Code     2  stm32f4xx_it.o(.text)
    SystemInit                               0x08000375   Thumb Code    88  system_stm32f4xx.o(.text)
    SystemCoreClockUpdate                    0x080003cd   Thumb Code   174  system_stm32f4xx.o(.text)
    SPI2_Init                                0x080004a9   Thumb Code   176  oled_hw_spi.o(.text)
    OLED_GPIO_Init                           0x08000559   Thumb Code    44  oled_hw_spi.o(.text)
    SPI2_SetSpeed                            0x08000585   Thumb Code    36  oled_hw_spi.o(.text)
    spi_master_send_recv_byte                0x080005a9   Thumb Code    78  oled_hw_spi.o(.text)
    oled_set_pos                             0x0800064d   Thumb Code    44  oled_hw_spi.o(.text)
    oled_dis_clear                           0x08000679   Thumb Code    68  oled_hw_spi.o(.text)
    oled_dis_set                             0x080006bd   Thumb Code    68  oled_hw_spi.o(.text)
    oled_dis_on                              0x08000701   Thumb Code    28  oled_hw_spi.o(.text)
    oled_dis_off                             0x0800071d   Thumb Code    28  oled_hw_spi.o(.text)
    oled_dis_one_char                        0x08000739   Thumb Code   106  oled_hw_spi.o(.text)
    oled_dis_str                             0x080007a3   Thumb Code    54  oled_hw_spi.o(.text)
    oled_dis_chinese                         0x080007d9   Thumb Code    90  oled_hw_spi.o(.text)
    oled_dis_picture                         0x08000833   Thumb Code   122  oled_hw_spi.o(.text)
    oled_dis_logo                            0x080008ad   Thumb Code    88  oled_hw_spi.o(.text)
    oled_pow                                 0x08000905   Thumb Code    22  oled_hw_spi.o(.text)
    oled_dis_num                             0x0800091b   Thumb Code   134  oled_hw_spi.o(.text)
    OLED_Refresh_Gram                        0x080009a1   Thumb Code    70  oled_hw_spi.o(.text)
    OLED_Clear                               0x080009e7   Thumb Code    42  oled_hw_spi.o(.text)
    oled_init                                0x08000a11   Thumb Code   268  oled_hw_spi.o(.text)
    OLED_DrawPoint1                          0x08000b1d   Thumb Code   100  oled_hw_spi.o(.text)
    OLED_ShowChar1                           0x08000b81   Thumb Code   254  oled_hw_spi.o(.text)
    mypow                                    0x08000c7f   Thumb Code    22  oled_hw_spi.o(.text)
    OLED_ShowString1                         0x08000c95   Thumb Code    94  oled_hw_spi.o(.text)
    OLED_WB                                  0x08000cf3   Thumb Code    28  oled_hw_spi.o(.text)
    SPI_WriteByte                            0x08000d0f   Thumb Code    38  oled_hw_spi.o(.text)
    OLED_ColorTurn                           0x08000d35   Thumb Code    28  oled_hw_spi.o(.text)
    OLED_DisplayTurn                         0x08000d51   Thumb Code    44  oled_hw_spi.o(.text)
    OLED_DrawPoint                           0x08000d7d   Thumb Code    80  oled_hw_spi.o(.text)
    OLED_ClearPoint                          0x08000dcd   Thumb Code    90  oled_hw_spi.o(.text)
    OLED_DrawLine                            0x08000e27   Thumb Code   176  oled_hw_spi.o(.text)
    OLED_DrawCircle                          0x08000ed7   Thumb Code   152  oled_hw_spi.o(.text)
    OLED_ShowChar                            0x08000f6f   Thumb Code   240  oled_hw_spi.o(.text)
    OLED_ShowString                          0x0800105f   Thumb Code    76  oled_hw_spi.o(.text)
    OLED_Pow                                 0x080010ab   Thumb Code    22  oled_hw_spi.o(.text)
    OLED_ShowNum                             0x080010c1   Thumb Code   120  oled_hw_spi.o(.text)
    OLED_ShowChinese                         0x08001139   Thumb Code   282  oled_hw_spi.o(.text)
    GetGBKCode                               0x08001253   Thumb Code    88  oled_hw_spi.o(.text)
    PutChinese                               0x080012ab   Thumb Code   192  oled_hw_spi.o(.text)
    GUI_Chinese                              0x0800136b   Thumb Code    74  oled_hw_spi.o(.text)
    OLED_ScrollDisplay                       0x080013b5   Thumb Code   160  oled_hw_spi.o(.text)
    OLED_WR_BP                               0x08001455   Thumb Code    42  oled_hw_spi.o(.text)
    OLED_ShowPicture                         0x0800147f   Thumb Code    98  oled_hw_spi.o(.text)
    main                                     0x08001521   Thumb Code   188  demo_fontupdate.o(.text)
    font_init                                0x08001649   Thumb Code    62  fontupdate.o(.text)
    fupd_prog                                0x08001687   Thumb Code   126  fontupdate.o(.text)
    updata_fontx                             0x08001705   Thumb Code   446  fontupdate.o(.text)
    update_font                              0x080018c3   Thumb Code   224  fontupdate.o(.text)
    Get_HzMat                                0x08001ac5   Thumb Code   216  text.o(.text)
    Show_Font                                0x08001b9d   Thumb Code   190  text.o(.text)
    Show_Str                                 0x08001c5b   Thumb Code   144  text.o(.text)
    LED_Init                                 0x08001cf1   Thumb Code    56  led.o(.text)
    KEY_Init                                 0x08001d2d   Thumb Code    60  key.o(.text)
    KEY_Scan                                 0x08001d69   Thumb Code   150  key.o(.text)
    SPI1_ReadWriteByte                       0x08001e0d   Thumb Code    50  spi.o(.text)
    SPI1_Init                                0x08001e3f   Thumb Code   186  spi.o(.text)
    SPI1_SetSpeed                            0x08001ef9   Thumb Code    36  spi.o(.text)
    W25QXX_ReadID                            0x08001f25   Thumb Code    64  w25qxx.o(.text)
    W25QXX_Init                              0x08001f65   Thumb Code    70  w25qxx.o(.text)
    W25QXX_ReadSR                            0x08001fab   Thumb Code    36  w25qxx.o(.text)
    W25QXX_Write_SR                          0x08001fcf   Thumb Code    32  w25qxx.o(.text)
    W25QXX_Write_Enable                      0x08001fef   Thumb Code    24  w25qxx.o(.text)
    W25QXX_Write_Disable                     0x08002007   Thumb Code    24  w25qxx.o(.text)
    W25QXX_Read                              0x0800201f   Thumb Code    74  w25qxx.o(.text)
    W25QXX_Wait_Busy                         0x08002069   Thumb Code    18  w25qxx.o(.text)
    W25QXX_Write_Page                        0x0800207b   Thumb Code    80  w25qxx.o(.text)
    W25QXX_Write_NoCheck                     0x080020cb   Thumb Code    70  w25qxx.o(.text)
    W25QXX_Erase_Sector                      0x08002111   Thumb Code    70  w25qxx.o(.text)
    W25QXX_Write                             0x08002157   Thumb Code   180  w25qxx.o(.text)
    W25QXX_Erase_Chip                        0x0800220b   Thumb Code    36  w25qxx.o(.text)
    W25QXX_PowerDown                         0x0800222f   Thumb Code    30  w25qxx.o(.text)
    W25QXX_WAKEUP                            0x0800224d   Thumb Code    30  w25qxx.o(.text)
    delay_init                               0x08002289   Thumb Code    52  delay.o(.text)
    delay_us                                 0x080022bd   Thumb Code    72  delay.o(.text)
    delay_xms                                0x08002305   Thumb Code    72  delay.o(.text)
    delay_ms                                 0x0800234d   Thumb Code    56  delay.o(.text)
    _sys_exit                                0x0800238d   Thumb Code     6  usart.o(.text)
    fputc                                    0x08002393   Thumb Code    24  usart.o(.text)
    uart_init                                0x080023ab   Thumb Code   172  usart.o(.text)
    USART1_IRQHandler                        0x08002457   Thumb Code    50  usart.o(.text)
    uart6_init                               0x08002489   Thumb Code   344  usart.o(.text)
    MYDMA_Enable                             0x080025e1   Thumb Code    44  usart.o(.text)
    USART6_IRQHandler                        0x0800260d   Thumb Code    22  usart.o(.text)
    DMA2_Stream1_IRQHandler                  0x08002623   Thumb Code    48  usart.o(.text)
    send                                     0x08002653   Thumb Code    22  usart.o(.text)
    Reset_Handler                            0x08002691   Thumb Code     8  startup_stm32f40_41xxx.o(.text)
    ADC_IRQHandler                           0x080026ab   Thumb Code     0  startup_stm32f40_41xxx.o(.text)
    CAN1_RX0_IRQHandler                      0x080026ab   Thumb Code     0  startup_stm32f40_41xxx.o(.text)
    CAN1_RX1_IRQHandler                      0x080026ab   Thumb Code     0  startup_stm32f40_41xxx.o(.text)
    CAN1_SCE_IRQHandler                      0x080026ab   Thumb Code     0  startup_stm32f40_41xxx.o(.text)
    CAN1_TX_IRQHandler                       0x080026ab   Thumb Code     0  startup_stm32f40_41xxx.o(.text)
    CAN2_RX0_IRQHandler                      0x080026ab   Thumb Code     0  startup_stm32f40_41xxx.o(.text)
    CAN2_RX1_IRQHandler                      0x080026ab   Thumb Code     0  startup_stm32f40_41xxx.o(.text)
    CAN2_SCE_IRQHandler                      0x080026ab   Thumb Code     0  startup_stm32f40_41xxx.o(.text)
    CAN2_TX_IRQHandler                       0x080026ab   Thumb Code     0  startup_stm32f40_41xxx.o(.text)
    CRYP_IRQHandler                          0x080026ab   Thumb Code     0  startup_stm32f40_41xxx.o(.text)
    DCMI_IRQHandler                          0x080026ab   Thumb Code     0  startup_stm32f40_41xxx.o(.text)
    DMA1_Stream0_IRQHandler                  0x080026ab   Thumb Code     0  startup_stm32f40_41xxx.o(.text)
    DMA1_Stream1_IRQHandler                  0x080026ab   Thumb Code     0  startup_stm32f40_41xxx.o(.text)
    DMA1_Stream2_IRQHandler                  0x080026ab   Thumb Code     0  startup_stm32f40_41xxx.o(.text)
    DMA1_Stream3_IRQHandler                  0x080026ab   Thumb Code     0  startup_stm32f40_41xxx.o(.text)
    DMA1_Stream4_IRQHandler                  0x080026ab   Thumb Code     0  startup_stm32f40_41xxx.o(.text)
    DMA1_Stream5_IRQHandler                  0x080026ab   Thumb Code     0  startup_stm32f40_41xxx.o(.text)
    DMA1_Stream6_IRQHandler                  0x080026ab   Thumb Code     0  startup_stm32f40_41xxx.o(.text)
    DMA1_Stream7_IRQHandler                  0x080026ab   Thumb Code     0  startup_stm32f40_41xxx.o(.text)
    DMA2_Stream0_IRQHandler                  0x080026ab   Thumb Code     0  startup_stm32f40_41xxx.o(.text)
    DMA2_Stream2_IRQHandler                  0x080026ab   Thumb Code     0  startup_stm32f40_41xxx.o(.text)
    DMA2_Stream3_IRQHandler                  0x080026ab   Thumb Code     0  startup_stm32f40_41xxx.o(.text)
    DMA2_Stream4_IRQHandler                  0x080026ab   Thumb Code     0  startup_stm32f40_41xxx.o(.text)
    DMA2_Stream5_IRQHandler                  0x080026ab   Thumb Code     0  startup_stm32f40_41xxx.o(.text)
    DMA2_Stream6_IRQHandler                  0x080026ab   Thumb Code     0  startup_stm32f40_41xxx.o(.text)
    DMA2_Stream7_IRQHandler                  0x080026ab   Thumb Code     0  startup_stm32f40_41xxx.o(.text)
    ETH_IRQHandler                           0x080026ab   Thumb Code     0  startup_stm32f40_41xxx.o(.text)
    ETH_WKUP_IRQHandler                      0x080026ab   Thumb Code     0  startup_stm32f40_41xxx.o(.text)
    EXTI0_IRQHandler                         0x080026ab   Thumb Code     0  startup_stm32f40_41xxx.o(.text)
    EXTI15_10_IRQHandler                     0x080026ab   Thumb Code     0  startup_stm32f40_41xxx.o(.text)
    EXTI1_IRQHandler                         0x080026ab   Thumb Code     0  startup_stm32f40_41xxx.o(.text)
    EXTI2_IRQHandler                         0x080026ab   Thumb Code     0  startup_stm32f40_41xxx.o(.text)
    EXTI3_IRQHandler                         0x080026ab   Thumb Code     0  startup_stm32f40_41xxx.o(.text)
    EXTI4_IRQHandler                         0x080026ab   Thumb Code     0  startup_stm32f40_41xxx.o(.text)
    EXTI9_5_IRQHandler                       0x080026ab   Thumb Code     0  startup_stm32f40_41xxx.o(.text)
    FLASH_IRQHandler                         0x080026ab   Thumb Code     0  startup_stm32f40_41xxx.o(.text)
    FPU_IRQHandler                           0x080026ab   Thumb Code     0  startup_stm32f40_41xxx.o(.text)
    FSMC_IRQHandler                          0x080026ab   Thumb Code     0  startup_stm32f40_41xxx.o(.text)
    HASH_RNG_IRQHandler                      0x080026ab   Thumb Code     0  startup_stm32f40_41xxx.o(.text)
    I2C1_ER_IRQHandler                       0x080026ab   Thumb Code     0  startup_stm32f40_41xxx.o(.text)
    I2C1_EV_IRQHandler                       0x080026ab   Thumb Code     0  startup_stm32f40_41xxx.o(.text)
    I2C2_ER_IRQHandler                       0x080026ab   Thumb Code     0  startup_stm32f40_41xxx.o(.text)
    I2C2_EV_IRQHandler                       0x080026ab   Thumb Code     0  startup_stm32f40_41xxx.o(.text)
    I2C3_ER_IRQHandler                       0x080026ab   Thumb Code     0  startup_stm32f40_41xxx.o(.text)
    I2C3_EV_IRQHandler                       0x080026ab   Thumb Code     0  startup_stm32f40_41xxx.o(.text)
    OTG_FS_IRQHandler                        0x080026ab   Thumb Code     0  startup_stm32f40_41xxx.o(.text)
    OTG_FS_WKUP_IRQHandler                   0x080026ab   Thumb Code     0  startup_stm32f40_41xxx.o(.text)
    OTG_HS_EP1_IN_IRQHandler                 0x080026ab   Thumb Code     0  startup_stm32f40_41xxx.o(.text)
    OTG_HS_EP1_OUT_IRQHandler                0x080026ab   Thumb Code     0  startup_stm32f40_41xxx.o(.text)
    OTG_HS_IRQHandler                        0x080026ab   Thumb Code     0  startup_stm32f40_41xxx.o(.text)
    OTG_HS_WKUP_IRQHandler                   0x080026ab   Thumb Code     0  startup_stm32f40_41xxx.o(.text)
    PVD_IRQHandler                           0x080026ab   Thumb Code     0  startup_stm32f40_41xxx.o(.text)
    RCC_IRQHandler                           0x080026ab   Thumb Code     0  startup_stm32f40_41xxx.o(.text)
    RTC_Alarm_IRQHandler                     0x080026ab   Thumb Code     0  startup_stm32f40_41xxx.o(.text)
    RTC_WKUP_IRQHandler                      0x080026ab   Thumb Code     0  startup_stm32f40_41xxx.o(.text)
    SDIO_IRQHandler                          0x080026ab   Thumb Code     0  startup_stm32f40_41xxx.o(.text)
    SPI1_IRQHandler                          0x080026ab   Thumb Code     0  startup_stm32f40_41xxx.o(.text)
    SPI2_IRQHandler                          0x080026ab   Thumb Code     0  startup_stm32f40_41xxx.o(.text)
    SPI3_IRQHandler                          0x080026ab   Thumb Code     0  startup_stm32f40_41xxx.o(.text)
    TAMP_STAMP_IRQHandler                    0x080026ab   Thumb Code     0  startup_stm32f40_41xxx.o(.text)
    TIM1_BRK_TIM9_IRQHandler                 0x080026ab   Thumb Code     0  startup_stm32f40_41xxx.o(.text)
    TIM1_CC_IRQHandler                       0x080026ab   Thumb Code     0  startup_stm32f40_41xxx.o(.text)
    TIM1_TRG_COM_TIM11_IRQHandler            0x080026ab   Thumb Code     0  startup_stm32f40_41xxx.o(.text)
    TIM1_UP_TIM10_IRQHandler                 0x080026ab   Thumb Code     0  startup_stm32f40_41xxx.o(.text)
    TIM2_IRQHandler                          0x080026ab   Thumb Code     0  startup_stm32f40_41xxx.o(.text)
    TIM3_IRQHandler                          0x080026ab   Thumb Code     0  startup_stm32f40_41xxx.o(.text)
    TIM4_IRQHandler                          0x080026ab   Thumb Code     0  startup_stm32f40_41xxx.o(.text)
    TIM5_IRQHandler                          0x080026ab   Thumb Code     0  startup_stm32f40_41xxx.o(.text)
    TIM6_DAC_IRQHandler                      0x080026ab   Thumb Code     0  startup_stm32f40_41xxx.o(.text)
    TIM7_IRQHandler                          0x080026ab   Thumb Code     0  startup_stm32f40_41xxx.o(.text)
    TIM8_BRK_TIM12_IRQHandler                0x080026ab   Thumb Code     0  startup_stm32f40_41xxx.o(.text)
    TIM8_CC_IRQHandler                       0x080026ab   Thumb Code     0  startup_stm32f40_41xxx.o(.text)
    TIM8_TRG_COM_TIM14_IRQHandler            0x080026ab   Thumb Code     0  startup_stm32f40_41xxx.o(.text)
    TIM8_UP_TIM13_IRQHandler                 0x080026ab   Thumb Code     0  startup_stm32f40_41xxx.o(.text)
    UART4_IRQHandler                         0x080026ab   Thumb Code     0  startup_stm32f40_41xxx.o(.text)
    UART5_IRQHandler                         0x080026ab   Thumb Code     0  startup_stm32f40_41xxx.o(.text)
    USART2_IRQHandler                        0x080026ab   Thumb Code     0  startup_stm32f40_41xxx.o(.text)
    USART3_IRQHandler                        0x080026ab   Thumb Code     0  startup_stm32f40_41xxx.o(.text)
    WWDG_IRQHandler                          0x080026ab   Thumb Code     0  startup_stm32f40_41xxx.o(.text)
    __user_initial_stackheap                 0x080026ad   Thumb Code     0  startup_stm32f40_41xxx.o(.text)
    NVIC_PriorityGroupConfig                 0x080026d1   Thumb Code    10  misc.o(.text)
    NVIC_Init                                0x080026db   Thumb Code   106  misc.o(.text)
    NVIC_SetVectorTable                      0x08002745   Thumb Code    14  misc.o(.text)
    NVIC_SystemLPConfig                      0x08002753   Thumb Code    34  misc.o(.text)
    SysTick_CLKSourceConfig                  0x08002775   Thumb Code    40  misc.o(.text)
    GPIO_DeInit                              0x080027b1   Thumb Code   268  stm32f4xx_gpio.o(.text)
    GPIO_Init                                0x080028bd   Thumb Code   144  stm32f4xx_gpio.o(.text)
    GPIO_StructInit                          0x0800294d   Thumb Code    18  stm32f4xx_gpio.o(.text)
    GPIO_PinLockConfig                       0x0800295f   Thumb Code    34  stm32f4xx_gpio.o(.text)
    GPIO_ReadInputDataBit                    0x08002981   Thumb Code    18  stm32f4xx_gpio.o(.text)
    GPIO_ReadInputData                       0x08002993   Thumb Code     8  stm32f4xx_gpio.o(.text)
    GPIO_ReadOutputDataBit                   0x0800299b   Thumb Code    18  stm32f4xx_gpio.o(.text)
    GPIO_ReadOutputData                      0x080029ad   Thumb Code     8  stm32f4xx_gpio.o(.text)
    GPIO_SetBits                             0x080029b5   Thumb Code     4  stm32f4xx_gpio.o(.text)
    GPIO_ResetBits                           0x080029b9   Thumb Code     4  stm32f4xx_gpio.o(.text)
    GPIO_WriteBit                            0x080029bd   Thumb Code    10  stm32f4xx_gpio.o(.text)
    GPIO_Write                               0x080029c7   Thumb Code     4  stm32f4xx_gpio.o(.text)
    GPIO_ToggleBits                          0x080029cb   Thumb Code     8  stm32f4xx_gpio.o(.text)
    GPIO_PinAFConfig                         0x080029d3   Thumb Code    70  stm32f4xx_gpio.o(.text)
    RCC_DeInit                               0x08002a45   Thumb Code    82  stm32f4xx_rcc.o(.text)
    RCC_HSEConfig                            0x08002a97   Thumb Code    14  stm32f4xx_rcc.o(.text)
    RCC_GetFlagStatus                        0x08002aa5   Thumb Code    60  stm32f4xx_rcc.o(.text)
    RCC_WaitForHSEStartUp                    0x08002ae1   Thumb Code    56  stm32f4xx_rcc.o(.text)
    RCC_AdjustHSICalibrationValue            0x08002b19   Thumb Code    20  stm32f4xx_rcc.o(.text)
    RCC_HSICmd                               0x08002b2d   Thumb Code     6  stm32f4xx_rcc.o(.text)
    RCC_LSEConfig                            0x08002b33   Thumb Code    46  stm32f4xx_rcc.o(.text)
    RCC_LSICmd                               0x08002b61   Thumb Code     6  stm32f4xx_rcc.o(.text)
    RCC_PLLConfig                            0x08002b67   Thumb Code    32  stm32f4xx_rcc.o(.text)
    RCC_PLLCmd                               0x08002b87   Thumb Code     6  stm32f4xx_rcc.o(.text)
    RCC_PLLI2SConfig                         0x08002b8d   Thumb Code    14  stm32f4xx_rcc.o(.text)
    RCC_PLLI2SCmd                            0x08002b9b   Thumb Code     6  stm32f4xx_rcc.o(.text)
    RCC_PLLSAIConfig                         0x08002ba1   Thumb Code    20  stm32f4xx_rcc.o(.text)
    RCC_PLLSAICmd                            0x08002bb5   Thumb Code     6  stm32f4xx_rcc.o(.text)
    RCC_ClockSecuritySystemCmd               0x08002bbb   Thumb Code     6  stm32f4xx_rcc.o(.text)
    RCC_MCO1Config                           0x08002bc1   Thumb Code    28  stm32f4xx_rcc.o(.text)
    RCC_MCO2Config                           0x08002bdd   Thumb Code    28  stm32f4xx_rcc.o(.text)
    RCC_SYSCLKConfig                         0x08002bf9   Thumb Code    20  stm32f4xx_rcc.o(.text)
    RCC_GetSYSCLKSource                      0x08002c0d   Thumb Code    12  stm32f4xx_rcc.o(.text)
    RCC_HCLKConfig                           0x08002c19   Thumb Code    20  stm32f4xx_rcc.o(.text)
    RCC_PCLK1Config                          0x08002c2d   Thumb Code    20  stm32f4xx_rcc.o(.text)
    RCC_PCLK2Config                          0x08002c41   Thumb Code    22  stm32f4xx_rcc.o(.text)
    RCC_GetClocksFreq                        0x08002c57   Thumb Code   222  stm32f4xx_rcc.o(.text)
    RCC_RTCCLKConfig                         0x08002d35   Thumb Code    54  stm32f4xx_rcc.o(.text)
    RCC_RTCCLKCmd                            0x08002d6b   Thumb Code     8  stm32f4xx_rcc.o(.text)
    RCC_BackupResetCmd                       0x08002d73   Thumb Code     8  stm32f4xx_rcc.o(.text)
    RCC_I2SCLKConfig                         0x08002d7b   Thumb Code     6  stm32f4xx_rcc.o(.text)
    RCC_SAIPLLI2SClkDivConfig                0x08002d81   Thumb Code    26  stm32f4xx_rcc.o(.text)
    RCC_SAIPLLSAIClkDivConfig                0x08002d9b   Thumb Code    28  stm32f4xx_rcc.o(.text)
    RCC_SAIBlockACLKConfig                   0x08002db7   Thumb Code    20  stm32f4xx_rcc.o(.text)
    RCC_SAIBlockBCLKConfig                   0x08002dcb   Thumb Code    20  stm32f4xx_rcc.o(.text)
    RCC_LTDCCLKDivConfig                     0x08002ddf   Thumb Code    20  stm32f4xx_rcc.o(.text)
    RCC_TIMCLKPresConfig                     0x08002df3   Thumb Code     6  stm32f4xx_rcc.o(.text)
    RCC_AHB1PeriphClockCmd                   0x08002df9   Thumb Code    34  stm32f4xx_rcc.o(.text)
    RCC_AHB2PeriphClockCmd                   0x08002e1b   Thumb Code    78  stm32f4xx_rcc.o(.text)
    RCC_AHB3PeriphClockCmd                   0x08002e69   Thumb Code    34  stm32f4xx_rcc.o(.text)
    RCC_APB1PeriphClockCmd                   0x08002e8b   Thumb Code    34  stm32f4xx_rcc.o(.text)
    RCC_APB2PeriphClockCmd                   0x08002ead   Thumb Code    34  stm32f4xx_rcc.o(.text)
    RCC_AHB1PeriphResetCmd                   0x08002ecf   Thumb Code    34  stm32f4xx_rcc.o(.text)
    RCC_AHB2PeriphResetCmd                   0x08002ef1   Thumb Code    34  stm32f4xx_rcc.o(.text)
    RCC_AHB3PeriphResetCmd                   0x08002f13   Thumb Code    34  stm32f4xx_rcc.o(.text)
    RCC_APB1PeriphResetCmd                   0x08002f35   Thumb Code    34  stm32f4xx_rcc.o(.text)
    RCC_APB2PeriphResetCmd                   0x08002f57   Thumb Code    34  stm32f4xx_rcc.o(.text)
    RCC_AHB1PeriphClockLPModeCmd             0x08002f79   Thumb Code    34  stm32f4xx_rcc.o(.text)
    RCC_AHB2PeriphClockLPModeCmd             0x08002f9b   Thumb Code    34  stm32f4xx_rcc.o(.text)
    RCC_AHB3PeriphClockLPModeCmd             0x08002fbd   Thumb Code    34  stm32f4xx_rcc.o(.text)
    RCC_APB1PeriphClockLPModeCmd             0x08002fdf   Thumb Code    34  stm32f4xx_rcc.o(.text)
    RCC_APB2PeriphClockLPModeCmd             0x08003001   Thumb Code    34  stm32f4xx_rcc.o(.text)
    RCC_LSEModeConfig                        0x08003023   Thumb Code    40  stm32f4xx_rcc.o(.text)
    RCC_ITConfig                             0x0800304b   Thumb Code    34  stm32f4xx_rcc.o(.text)
    RCC_ClearFlag                            0x0800306d   Thumb Code    18  stm32f4xx_rcc.o(.text)
    RCC_GetITStatus                          0x0800307f   Thumb Code    22  stm32f4xx_rcc.o(.text)
    RCC_ClearITPendingBit                    0x08003095   Thumb Code     8  stm32f4xx_rcc.o(.text)
    SPI_I2S_DeInit                           0x080030a1   Thumb Code   152  stm32f4xx_spi.o(.text)
    SPI_Init                                 0x08003139   Thumb Code    60  stm32f4xx_spi.o(.text)
    I2S_Init                                 0x08003175   Thumb Code   396  stm32f4xx_spi.o(.text)
    SPI_StructInit                           0x08003301   Thumb Code    24  stm32f4xx_spi.o(.text)
    I2S_StructInit                           0x08003319   Thumb Code    20  stm32f4xx_spi.o(.text)
    SPI_Cmd                                  0x0800332d   Thumb Code    24  stm32f4xx_spi.o(.text)
    I2S_Cmd                                  0x08003345   Thumb Code    24  stm32f4xx_spi.o(.text)
    SPI_DataSizeConfig                       0x0800335d   Thumb Code    18  stm32f4xx_spi.o(.text)
    SPI_BiDirectionalLineConfig              0x0800336f   Thumb Code    28  stm32f4xx_spi.o(.text)
    SPI_NSSInternalSoftwareConfig            0x0800338b   Thumb Code    30  stm32f4xx_spi.o(.text)
    SPI_SSOutputCmd                          0x080033a9   Thumb Code    24  stm32f4xx_spi.o(.text)
    SPI_TIModeCmd                            0x080033c1   Thumb Code    24  stm32f4xx_spi.o(.text)
    I2S_FullDuplexConfig                     0x080033d9   Thumb Code    80  stm32f4xx_spi.o(.text)
    SPI_I2S_ReceiveData                      0x08003429   Thumb Code     6  stm32f4xx_spi.o(.text)
    SPI_I2S_SendData                         0x0800342f   Thumb Code     4  stm32f4xx_spi.o(.text)
    SPI_CalculateCRC                         0x08003433   Thumb Code    24  stm32f4xx_spi.o(.text)
    SPI_TransmitCRC                          0x0800344b   Thumb Code    10  stm32f4xx_spi.o(.text)
    SPI_GetCRC                               0x08003455   Thumb Code    16  stm32f4xx_spi.o(.text)
    SPI_GetCRCPolynomial                     0x08003465   Thumb Code     6  stm32f4xx_spi.o(.text)
    SPI_I2S_DMACmd                           0x0800346b   Thumb Code    18  stm32f4xx_spi.o(.text)
    SPI_I2S_ITConfig                         0x0800347d   Thumb Code    68  stm32f4xx_spi.o(.text)
    SPI_I2S_GetFlagStatus                    0x080034c1   Thumb Code    18  stm32f4xx_spi.o(.text)
    SPI_I2S_ClearFlag                        0x080034d3   Thumb Code     6  stm32f4xx_spi.o(.text)
    SPI_I2S_GetITStatus                      0x080034d9   Thumb Code    52  stm32f4xx_spi.o(.text)
    SPI_I2S_ClearITPendingBit                0x0800350d   Thumb Code    20  stm32f4xx_spi.o(.text)
    USART_DeInit                             0x08003521   Thumb Code   206  stm32f4xx_usart.o(.text)
    USART_Init                               0x080035ef   Thumb Code   204  stm32f4xx_usart.o(.text)
    USART_StructInit                         0x080036bb   Thumb Code    24  stm32f4xx_usart.o(.text)
    USART_ClockInit                          0x080036d3   Thumb Code    32  stm32f4xx_usart.o(.text)
    USART_ClockStructInit                    0x080036f3   Thumb Code    12  stm32f4xx_usart.o(.text)
    USART_Cmd                                0x080036ff   Thumb Code    24  stm32f4xx_usart.o(.text)
    USART_SetPrescaler                       0x08003717   Thumb Code    16  stm32f4xx_usart.o(.text)
    USART_OverSampling8Cmd                   0x08003727   Thumb Code    22  stm32f4xx_usart.o(.text)
    USART_OneBitMethodCmd                    0x0800373d   Thumb Code    24  stm32f4xx_usart.o(.text)
    USART_SendData                           0x08003755   Thumb Code     8  stm32f4xx_usart.o(.text)
    USART_ReceiveData                        0x0800375d   Thumb Code    10  stm32f4xx_usart.o(.text)
    USART_SetAddress                         0x08003767   Thumb Code    18  stm32f4xx_usart.o(.text)
    USART_ReceiverWakeUpCmd                  0x08003779   Thumb Code    24  stm32f4xx_usart.o(.text)
    USART_WakeUpConfig                       0x08003791   Thumb Code    18  stm32f4xx_usart.o(.text)
    USART_LINBreakDetectLengthConfig         0x080037a3   Thumb Code    18  stm32f4xx_usart.o(.text)
    USART_LINCmd                             0x080037b5   Thumb Code    24  stm32f4xx_usart.o(.text)
    USART_SendBreak                          0x080037cd   Thumb Code    10  stm32f4xx_usart.o(.text)
    USART_HalfDuplexCmd                      0x080037d7   Thumb Code    24  stm32f4xx_usart.o(.text)
    USART_SetGuardTime                       0x080037ef   Thumb Code    16  stm32f4xx_usart.o(.text)
    USART_SmartCardCmd                       0x080037ff   Thumb Code    24  stm32f4xx_usart.o(.text)
    USART_SmartCardNACKCmd                   0x08003817   Thumb Code    24  stm32f4xx_usart.o(.text)
    USART_IrDAConfig                         0x0800382f   Thumb Code    18  stm32f4xx_usart.o(.text)
    USART_IrDACmd                            0x08003841   Thumb Code    24  stm32f4xx_usart.o(.text)
    USART_DMACmd                             0x08003859   Thumb Code    18  stm32f4xx_usart.o(.text)
    USART_ITConfig                           0x0800386b   Thumb Code    74  stm32f4xx_usart.o(.text)
    USART_GetFlagStatus                      0x080038b5   Thumb Code    26  stm32f4xx_usart.o(.text)
    USART_ClearFlag                          0x080038cf   Thumb Code    18  stm32f4xx_usart.o(.text)
    USART_GetITStatus                        0x080038e1   Thumb Code   118  stm32f4xx_usart.o(.text)
    USART_ClearITPendingBit                  0x08003957   Thumb Code    30  stm32f4xx_usart.o(.text)
    DMA_DeInit                               0x08003975   Thumb Code   324  stm32f4xx_dma.o(.text)
    DMA_Init                                 0x08003ab9   Thumb Code    82  stm32f4xx_dma.o(.text)
    DMA_StructInit                           0x08003b0b   Thumb Code    34  stm32f4xx_dma.o(.text)
    DMA_Cmd                                  0x08003b2d   Thumb Code    22  stm32f4xx_dma.o(.text)
    DMA_PeriphIncOffsetSizeConfig            0x08003b43   Thumb Code    22  stm32f4xx_dma.o(.text)
    DMA_FlowControllerConfig                 0x08003b59   Thumb Code    22  stm32f4xx_dma.o(.text)
    DMA_SetCurrDataCounter                   0x08003b6f   Thumb Code     4  stm32f4xx_dma.o(.text)
    DMA_GetCurrDataCounter                   0x08003b73   Thumb Code     8  stm32f4xx_dma.o(.text)
    DMA_DoubleBufferModeConfig               0x08003b7b   Thumb Code    24  stm32f4xx_dma.o(.text)
    DMA_DoubleBufferModeCmd                  0x08003b93   Thumb Code    22  stm32f4xx_dma.o(.text)
    DMA_MemoryTargetConfig                   0x08003ba9   Thumb Code    10  stm32f4xx_dma.o(.text)
    DMA_GetCurrentMemoryTarget               0x08003bb3   Thumb Code    20  stm32f4xx_dma.o(.text)
    DMA_GetCmdStatus                         0x08003bc7   Thumb Code    20  stm32f4xx_dma.o(.text)
    DMA_GetFIFOStatus                        0x08003bdb   Thumb Code    12  stm32f4xx_dma.o(.text)
    DMA_GetFlagStatus                        0x08003be7   Thumb Code    56  stm32f4xx_dma.o(.text)
    DMA_ClearFlag                            0x08003c1f   Thumb Code    40  stm32f4xx_dma.o(.text)
    DMA_ITConfig                             0x08003c47   Thumb Code    58  stm32f4xx_dma.o(.text)
    DMA_GetITStatus                          0x08003c81   Thumb Code    84  stm32f4xx_dma.o(.text)
    DMA_ClearITPendingBit                    0x08003cd5   Thumb Code    40  stm32f4xx_dma.o(.text)
    __use_no_semihosting                     0x08003d1d   Thumb Code     2  use_no_semi_2.o(.text)
    __2printf                                0x08003d21   Thumb Code    20  noretval__2printf.o(.text)
    __printf                                 0x08003d39   Thumb Code   104  __printf.o(.text)
    _printf_str                              0x08003da1   Thumb Code    82  _printf_str.o(.text)
    _printf_int_dec                          0x08003df5   Thumb Code   104  _printf_dec.o(.text)
    _printf_int_hex                          0x08003e6d   Thumb Code    84  _printf_hex_int.o(.text)
    _printf_longlong_hex                     0x08003e6d   Thumb Code     0  _printf_hex_int.o(.text)
    __use_two_region_memory                  0x08003ec5   Thumb Code     2  heapauxi.o(.text)
    __rt_heap_escrow$2region                 0x08003ec7   Thumb Code     2  heapauxi.o(.text)
    __rt_heap_expand$2region                 0x08003ec9   Thumb Code     2  heapauxi.o(.text)
    __I$use$semihosting                      0x08003ecb   Thumb Code     0  use_no_semi.o(.text)
    __use_no_semihosting_swi                 0x08003ecb   Thumb Code     2  use_no_semi.o(.text)
    _printf_int_common                       0x08003ecd   Thumb Code   178  _printf_intcommon.o(.text)
    _printf_cs_common                        0x08003f7f   Thumb Code    20  _printf_char.o(.text)
    _printf_char                             0x08003f93   Thumb Code    16  _printf_char.o(.text)
    _printf_string                           0x08003fa3   Thumb Code     8  _printf_char.o(.text)
    _printf_char_file                        0x08003fad   Thumb Code    32  _printf_char_file.o(.text)
    _printf_char_common                      0x08003fdb   Thumb Code    32  _printf_char_common.o(.text)
    ferror                                   0x08004001   Thumb Code     8  ferror.o(.text)
    __user_setup_stackheap                   0x08004009   Thumb Code    74  sys_stackheap_outer.o(.text)
    exit                                     0x08004053   Thumb Code    18  exit.o(.text)
    __user_libspace                          0x08004065   Thumb Code     8  libspace.o(.text)
    __user_perproc_libspace                  0x08004065   Thumb Code     0  libspace.o(.text)
    __user_perthread_libspace                0x08004065   Thumb Code     0  libspace.o(.text)
    _fp_init                                 0x0800406d   Thumb Code    10  fpinit.o(x$fpl$fpinit)
    __fplib_config_fpu_vfp                   0x08004075   Thumb Code     0  fpinit.o(x$fpl$fpinit)
    __fplib_config_pureend_doubles           0x08004075   Thumb Code     0  fpinit.o(x$fpl$fpinit)
    F6x8                                     0x08004076   Data         552  oled_hw_spi.o(.constdata)
    F8X16                                    0x0800429e   Data        1520  oled_hw_spi.o(.constdata)
    Ff8x16                                   0x0800488e   Data         176  oled_hw_spi.o(.constdata)
    F16x32                                   0x0800493e   Data         704  oled_hw_spi.o(.constdata)
    picture_tab                              0x08004bfe   Data        1024  oled_hw_spi.o(.constdata)
    asc2_1206                                0x08004ffe   Data        1140  oled_hw_spi.o(.constdata)
    asc2_1608                                0x08005472   Data        1520  oled_hw_spi.o(.constdata)
    asc2_2412                                0x08005a62   Data        3420  oled_hw_spi.o(.constdata)
    Region$$Table$$Base                      0x080067e8   Number         0  anon$$obj.o(Region$$Table)
    Region$$Table$$Limit                     0x08006808   Number         0  anon$$obj.o(Region$$Table)
    SystemCoreClock                          0x20000000   Data           4  system_stm32f4xx.o(.data)
    AHBPrescTable                            0x20000004   Data          16  system_stm32f4xx.o(.data)
    TEST                                     0x20000014   Data         704  oled_hw_spi.o(.data)
    Hzk1                                     0x200002d4   Data         352  oled_hw_spi.o(.data)
    Hzk2                                     0x20000434   Data         216  oled_hw_spi.o(.data)
    Hzk3                                     0x2000050c   Data         512  oled_hw_spi.o(.data)
    Hzk4                                     0x2000070c   Data        4096  oled_hw_spi.o(.data)
    myBitmap                                 0x2000170c   Data        1024  oled_hw_spi.o(.data)
    W25QXX_TYPE                              0x20001b0e   Data           2  w25qxx.o(.data)
    __stdout                                 0x20001b14   Data           4  usart.o(.data)
    USART_RX_STA                             0x20001b18   Data           2  usart.o(.data)
    GBK_OVER_Flag                            0x20001b1c   Data           4  usart.o(.data)
    GBK_BUF_Flag                             0x20001b20   Data           1  usart.o(.data)
    Usart6_Rec_Len                           0x20001b22   Data           2  usart.o(.data)
    WriteAddress                             0x20001b24   Data           4  usart.o(.data)
    i                                        0x20001b28   Data           1  usart.o(.data)
    OLED_GRAM                                0x20001b3c   Data        1024  oled_hw_spi.o(.bss)
    ftinfo                                   0x20001f3c   Data          33  fontupdate.o(.bss)
    W25QXX_BUFFER                            0x20001f5d   Data        4096  w25qxx.o(.bss)
    USART_RX_BUF                             0x20002f5d   Data         300  usart.o(.bss)
    Usart6_Rece_Buf0                         0x20003089   Data        4097  usart.o(.bss)
    Usart6_Rece_Buf1                         0x2000408a   Data        4097  usart.o(.bss)
    __libspace_start                         0x2000508c   Data          96  libspace.o(.bss)
    __temporary_stack_top$libspace           0x200050ec   Data           0  libspace.o(.bss)



==============================================================================

Memory Map of the image

  Image Entry point : 0x08000189

  Load Region LR_IROM1 (Base: 0x08000000, Size: 0x00008344, Max: 0x00080000, ABSOLUTE, COMPRESSED[0x00006c64])

    Execution Region ER_IROM1 (Exec base: 0x08000000, Load base: 0x08000000, Size: 0x00006808, Max: 0x00080000, ABSOLUTE)

    Exec Addr    Load Addr    Size         Type   Attr      Idx    E Section Name        Object

    0x08000000   0x08000000   0x00000188   Data   RO          491    RESET               startup_stm32f40_41xxx.o
    0x08000188   0x08000188   0x00000008   Code   RO          745  * !!!main             c_w.l(__main.o)
    0x08000190   0x08000190   0x00000034   Code   RO          917    !!!scatter          c_w.l(__scatter.o)
    0x080001c4   0x080001c4   0x0000005a   Code   RO          915    !!dczerorl2         c_w.l(__dczerorl2.o)
    0x0800021e   0x0800021e   0x00000002   PAD
    0x08000220   0x08000220   0x0000001c   Code   RO          919    !!handler_zi        c_w.l(__scatter_zi.o)
    0x0800023c   0x0800023c   0x00000000   Code   RO          742    .ARM.Collect$$_printf_percent$$00000000  c_w.l(_printf_percent.o)
    0x0800023c   0x0800023c   0x00000006   Code   RO          741    .ARM.Collect$$_printf_percent$$00000009  c_w.l(_printf_d.o)
    0x08000242   0x08000242   0x00000006   Code   RO          740    .ARM.Collect$$_printf_percent$$0000000C  c_w.l(_printf_x.o)
    0x08000248   0x08000248   0x00000006   Code   RO          739    .ARM.Collect$$_printf_percent$$00000014  c_w.l(_printf_s.o)
    0x0800024e   0x0800024e   0x00000004   Code   RO          756    .ARM.Collect$$_printf_percent$$00000017  c_w.l(_printf_percent_end.o)
    0x08000252   0x08000252   0x00000002   Code   RO          789    .ARM.Collect$$libinit$$00000000  c_w.l(libinit.o)
    0x08000254   0x08000254   0x00000004   Code   RO          795    .ARM.Collect$$libinit$$00000001  c_w.l(libinit2.o)
    0x08000258   0x08000258   0x00000000   Code   RO          798    .ARM.Collect$$libinit$$00000004  c_w.l(libinit2.o)
    0x08000258   0x08000258   0x00000000   Code   RO          801    .ARM.Collect$$libinit$$0000000A  c_w.l(libinit2.o)
    0x08000258   0x08000258   0x00000000   Code   RO          803    .ARM.Collect$$libinit$$0000000C  c_w.l(libinit2.o)
    0x08000258   0x08000258   0x00000000   Code   RO          805    .ARM.Collect$$libinit$$0000000E  c_w.l(libinit2.o)
    0x08000258   0x08000258   0x00000000   Code   RO          808    .ARM.Collect$$libinit$$00000011  c_w.l(libinit2.o)
    0x08000258   0x08000258   0x00000000   Code   RO          810    .ARM.Collect$$libinit$$00000013  c_w.l(libinit2.o)
    0x08000258   0x08000258   0x00000000   Code   RO          812    .ARM.Collect$$libinit$$00000015  c_w.l(libinit2.o)
    0x08000258   0x08000258   0x00000000   Code   RO          814    .ARM.Collect$$libinit$$00000017  c_w.l(libinit2.o)
    0x08000258   0x08000258   0x00000000   Code   RO          816    .ARM.Collect$$libinit$$00000019  c_w.l(libinit2.o)
    0x08000258   0x08000258   0x00000000   Code   RO          818    .ARM.Collect$$libinit$$0000001B  c_w.l(libinit2.o)
    0x08000258   0x08000258   0x00000000   Code   RO          820    .ARM.Collect$$libinit$$0000001D  c_w.l(libinit2.o)
    0x08000258   0x08000258   0x00000000   Code   RO          822    .ARM.Collect$$libinit$$0000001F  c_w.l(libinit2.o)
    0x08000258   0x08000258   0x00000000   Code   RO          824    .ARM.Collect$$libinit$$00000021  c_w.l(libinit2.o)
    0x08000258   0x08000258   0x00000000   Code   RO          826    .ARM.Collect$$libinit$$00000023  c_w.l(libinit2.o)
    0x08000258   0x08000258   0x00000000   Code   RO          828    .ARM.Collect$$libinit$$00000025  c_w.l(libinit2.o)
    0x08000258   0x08000258   0x00000000   Code   RO          832    .ARM.Collect$$libinit$$0000002C  c_w.l(libinit2.o)
    0x08000258   0x08000258   0x00000000   Code   RO          834    .ARM.Collect$$libinit$$0000002E  c_w.l(libinit2.o)
    0x08000258   0x08000258   0x00000000   Code   RO          836    .ARM.Collect$$libinit$$00000030  c_w.l(libinit2.o)
    0x08000258   0x08000258   0x00000000   Code   RO          838    .ARM.Collect$$libinit$$00000032  c_w.l(libinit2.o)
    0x08000258   0x08000258   0x00000002   Code   RO          839    .ARM.Collect$$libinit$$00000033  c_w.l(libinit2.o)
    0x0800025a   0x0800025a   0x00000002   Code   RO          857    .ARM.Collect$$libshutdown$$00000000  c_w.l(libshutdown.o)
    0x0800025c   0x0800025c   0x00000000   Code   RO          867    .ARM.Collect$$libshutdown$$00000002  c_w.l(libshutdown2.o)
    0x0800025c   0x0800025c   0x00000000   Code   RO          869    .ARM.Collect$$libshutdown$$00000004  c_w.l(libshutdown2.o)
    0x0800025c   0x0800025c   0x00000000   Code   RO          872    .ARM.Collect$$libshutdown$$00000007  c_w.l(libshutdown2.o)
    0x0800025c   0x0800025c   0x00000000   Code   RO          875    .ARM.Collect$$libshutdown$$0000000A  c_w.l(libshutdown2.o)
    0x0800025c   0x0800025c   0x00000000   Code   RO          877    .ARM.Collect$$libshutdown$$0000000C  c_w.l(libshutdown2.o)
    0x0800025c   0x0800025c   0x00000000   Code   RO          880    .ARM.Collect$$libshutdown$$0000000F  c_w.l(libshutdown2.o)
    0x0800025c   0x0800025c   0x00000002   Code   RO          881    .ARM.Collect$$libshutdown$$00000010  c_w.l(libshutdown2.o)
    0x0800025e   0x0800025e   0x00000000   Code   RO          749    .ARM.Collect$$rtentry$$00000000  c_w.l(__rtentry.o)
    0x0800025e   0x0800025e   0x00000000   Code   RO          758    .ARM.Collect$$rtentry$$00000002  c_w.l(__rtentry2.o)
    0x0800025e   0x0800025e   0x00000006   Code   RO          770    .ARM.Collect$$rtentry$$00000004  c_w.l(__rtentry4.o)
    0x08000264   0x08000264   0x00000000   Code   RO          760    .ARM.Collect$$rtentry$$00000009  c_w.l(__rtentry2.o)
    0x08000264   0x08000264   0x00000004   Code   RO          761    .ARM.Collect$$rtentry$$0000000A  c_w.l(__rtentry2.o)
    0x08000268   0x08000268   0x00000000   Code   RO          763    .ARM.Collect$$rtentry$$0000000C  c_w.l(__rtentry2.o)
    0x08000268   0x08000268   0x00000008   Code   RO          764    .ARM.Collect$$rtentry$$0000000D  c_w.l(__rtentry2.o)
    0x08000270   0x08000270   0x00000002   Code   RO          793    .ARM.Collect$$rtexit$$00000000  c_w.l(rtexit.o)
    0x08000272   0x08000272   0x00000000   Code   RO          841    .ARM.Collect$$rtexit$$00000002  c_w.l(rtexit2.o)
    0x08000272   0x08000272   0x00000004   Code   RO          842    .ARM.Collect$$rtexit$$00000003  c_w.l(rtexit2.o)
    0x08000276   0x08000276   0x00000006   Code   RO          843    .ARM.Collect$$rtexit$$00000004  c_w.l(rtexit2.o)
    0x0800027c   0x0800027c   0x0000001a   Code   RO            3    .text               stm32f4xx_it.o
    0x08000296   0x08000296   0x00000002   PAD
    0x08000298   0x08000298   0x00000210   Code   RO          133    .text               system_stm32f4xx.o
    0x080004a8   0x080004a8   0x00001078   Code   RO          159    .text               oled_hw_spi.o
    0x08001520   0x08001520   0x00000128   Code   RO          229    .text               demo_fontupdate.o
    0x08001648   0x08001648   0x0000047c   Code   RO          270    .text               fontupdate.o
    0x08001ac4   0x08001ac4   0x0000022c   Code   RO          308    .text               text.o
    0x08001cf0   0x08001cf0   0x0000003c   Code   RO          328    .text               led.o
    0x08001d2c   0x08001d2c   0x000000e0   Code   RO          348    .text               key.o
    0x08001e0c   0x08001e0c   0x00000118   Code   RO          369    .text               spi.o
    0x08001f24   0x08001f24   0x00000364   Code   RO          392    .text               w25qxx.o
    0x08002288   0x08002288   0x00000104   Code   RO          419    .text               delay.o
    0x0800238c   0x0800238c   0x00000304   Code   RO          459    .text               usart.o
    0x08002690   0x08002690   0x00000040   Code   RO          492    .text               startup_stm32f40_41xxx.o
    0x080026d0   0x080026d0   0x000000e0   Code   RO          498    .text               misc.o
    0x080027b0   0x080027b0   0x00000294   Code   RO          518    .text               stm32f4xx_gpio.o
    0x08002a44   0x08002a44   0x0000065c   Code   RO          561    .text               stm32f4xx_rcc.o
    0x080030a0   0x080030a0   0x00000480   Code   RO          583    .text               stm32f4xx_spi.o
    0x08003520   0x08003520   0x00000454   Code   RO          623    .text               stm32f4xx_usart.o
    0x08003974   0x08003974   0x000003a8   Code   RO          643    .text               stm32f4xx_dma.o
    0x08003d1c   0x08003d1c   0x00000002   Code   RO          686    .text               c_w.l(use_no_semi_2.o)
    0x08003d1e   0x08003d1e   0x00000002   PAD
    0x08003d20   0x08003d20   0x00000018   Code   RO          690    .text               c_w.l(noretval__2printf.o)
    0x08003d38   0x08003d38   0x00000068   Code   RO          692    .text               c_w.l(__printf.o)
    0x08003da0   0x08003da0   0x00000052   Code   RO          694    .text               c_w.l(_printf_str.o)
    0x08003df2   0x08003df2   0x00000002   PAD
    0x08003df4   0x08003df4   0x00000078   Code   RO          696    .text               c_w.l(_printf_dec.o)
    0x08003e6c   0x08003e6c   0x00000058   Code   RO          701    .text               c_w.l(_printf_hex_int.o)
    0x08003ec4   0x08003ec4   0x00000006   Code   RO          743    .text               c_w.l(heapauxi.o)
    0x08003eca   0x08003eca   0x00000002   Code   RO          747    .text               c_w.l(use_no_semi.o)
    0x08003ecc   0x08003ecc   0x000000b2   Code   RO          750    .text               c_w.l(_printf_intcommon.o)
    0x08003f7e   0x08003f7e   0x0000002c   Code   RO          752    .text               c_w.l(_printf_char.o)
    0x08003faa   0x08003faa   0x00000002   PAD
    0x08003fac   0x08003fac   0x00000024   Code   RO          754    .text               c_w.l(_printf_char_file.o)
    0x08003fd0   0x08003fd0   0x00000030   Code   RO          772    .text               c_w.l(_printf_char_common.o)
    0x08004000   0x08004000   0x00000008   Code   RO          774    .text               c_w.l(ferror.o)
    0x08004008   0x08004008   0x0000004a   Code   RO          778    .text               c_w.l(sys_stackheap_outer.o)
    0x08004052   0x08004052   0x00000012   Code   RO          782    .text               c_w.l(exit.o)
    0x08004064   0x08004064   0x00000008   Code   RO          790    .text               c_w.l(libspace.o)
    0x0800406c   0x0800406c   0x0000000a   Code   RO          849    x$fpl$fpinit        fz_wm.l(fpinit.o)
    0x08004076   0x08004076   0x00002748   Data   RO          161    .constdata          oled_hw_spi.o
    0x080067be   0x080067be   0x00000028   Data   RO          702    .constdata          c_w.l(_printf_hex_int.o)
    0x080067e6   0x080067e6   0x00000002   PAD
    0x080067e8   0x080067e8   0x00000020   Data   RO          913    Region$$Table       anon$$obj.o


    Execution Region RW_IRAM1 (Exec base: 0x20000000, Load base: 0x08006808, Size: 0x000056f0, Max: 0x00020000, ABSOLUTE, COMPRESSED[0x0000045c])

    Exec Addr    Load Addr    Size         Type   Attr      Idx    E Section Name        Object

    0x20000000   COMPRESSED   0x00000014   Data   RW          134    .data               system_stm32f4xx.o
    0x20000014   COMPRESSED   0x00001af8   Data   RW          162    .data               oled_hw_spi.o
    0x20001b0c   COMPRESSED   0x00000001   Data   RW          349    .data               key.o
    0x20001b0d   COMPRESSED   0x00000001   PAD
    0x20001b0e   COMPRESSED   0x00000002   Data   RW          394    .data               w25qxx.o
    0x20001b10   COMPRESSED   0x00000004   Data   RW          420    .data               delay.o
    0x20001b14   COMPRESSED   0x00000015   Data   RW          461    .data               usart.o
    0x20001b29   COMPRESSED   0x00000010   Data   RW          562    .data               stm32f4xx_rcc.o
    0x20001b39   COMPRESSED   0x00000003   PAD
    0x20001b3c        -       0x00000400   Zero   RW          160    .bss                oled_hw_spi.o
    0x20001f3c        -       0x00000021   Zero   RW          271    .bss                fontupdate.o
    0x20001f5d        -       0x00001000   Zero   RW          393    .bss                w25qxx.o
    0x20002f5d        -       0x0000212e   Zero   RW          460    .bss                usart.o
    0x2000508b   COMPRESSED   0x00000001   PAD
    0x2000508c        -       0x00000060   Zero   RW          791    .bss                c_w.l(libspace.o)
    0x200050ec   COMPRESSED   0x00000004   PAD
    0x200050f0        -       0x00000200   Zero   RW          490    HEAP                startup_stm32f40_41xxx.o
    0x200052f0        -       0x00000400   Zero   RW          489    STACK               startup_stm32f40_41xxx.o


==============================================================================

Image component sizes


      Code (inc. data)   RO Data    RW Data    ZI Data      Debug   Object Name

       260          8          0          4          0       1441   delay.o
       296        108          0          0          0        607   demo_fontupdate.o
      1148        290          0          0         33       2827   fontupdate.o
       224         14          0          1          0        836   key.o
        60          4          0          0          0        507   led.o
       224         20          0          0          0       1781   misc.o
      4216        144      10056       6904       1024     245413   oled_hw_spi.o
       280          8          0          0          0       1053   spi.o
        64         26        392          0       1536        816   startup_stm32f40_41xxx.o
       936         32          0          0          0       6357   stm32f4xx_dma.o
       660         44          0          0          0       4121   stm32f4xx_gpio.o
        26          0          0          0          0      54530   stm32f4xx_it.o
      1628         52          0         16          0      12980   stm32f4xx_rcc.o
      1152         36          0          0          0       6869   stm32f4xx_spi.o
      1108         34          0          0          0       7844   stm32f4xx_usart.o
       528         46          0         20          0       1723   system_stm32f4xx.o
       556          6          0          0          0       2479   text.o
       772         40          0         21       8494       4816   usart.o
       868         30          0          2       4096       4349   w25qxx.o

    ----------------------------------------------------------------------
     15008        942      10480       6972      15184     361349   Object Totals
         0          0         32          0          0          0   (incl. Generated)
         2          0          0          4          1          0   (incl. Padding)

    ----------------------------------------------------------------------

      Code (inc. data)   RO Data    RW Data    ZI Data      Debug   Library Member Name

        90          0          0          0          0          0   __dczerorl2.o
         8          0          0          0          0         68   __main.o
       104          0          0          0          0         84   __printf.o
         0          0          0          0          0          0   __rtentry.o
        12          0          0          0          0          0   __rtentry2.o
         6          0          0          0          0          0   __rtentry4.o
        52          8          0          0          0          0   __scatter.o
        28          0          0          0          0          0   __scatter_zi.o
        44          0          0          0          0        108   _printf_char.o
        48          6          0          0          0         96   _printf_char_common.o
        36          4          0          0          0         80   _printf_char_file.o
         6          0          0          0          0          0   _printf_d.o
       120         16          0          0          0         92   _printf_dec.o
        88          4         40          0          0         88   _printf_hex_int.o
       178          0          0          0          0         88   _printf_intcommon.o
         0          0          0          0          0          0   _printf_percent.o
         4          0          0          0          0          0   _printf_percent_end.o
         6          0          0          0          0          0   _printf_s.o
        82          0          0          0          0         80   _printf_str.o
         6          0          0          0          0          0   _printf_x.o
        18          0          0          0          0         80   exit.o
         8          0          0          0          0         68   ferror.o
         6          0          0          0          0        152   heapauxi.o
         2          0          0          0          0          0   libinit.o
         6          0          0          0          0          0   libinit2.o
         2          0          0          0          0          0   libshutdown.o
         2          0          0          0          0          0   libshutdown2.o
         8          4          0          0         96         68   libspace.o
        24          4          0          0          0         84   noretval__2printf.o
         2          0          0          0          0          0   rtexit.o
        10          0          0          0          0          0   rtexit2.o
        74          0          0          0          0         80   sys_stackheap_outer.o
         2          0          0          0          0         68   use_no_semi.o
         2          0          0          0          0         68   use_no_semi_2.o
        10          0          0          0          0        116   fpinit.o

    ----------------------------------------------------------------------
      1102         46         42          0        100       1568   Library Totals
         8          0          2          0          4          0   (incl. Padding)

    ----------------------------------------------------------------------

      Code (inc. data)   RO Data    RW Data    ZI Data      Debug   Library Name

      1084         46         40          0         96       1452   c_w.l
        10          0          0          0          0        116   fz_wm.l

    ----------------------------------------------------------------------
      1102         46         42          0        100       1568   Library Totals

    ----------------------------------------------------------------------

==============================================================================


      Code (inc. data)   RO Data    RW Data    ZI Data      Debug   

     16110        988      10522       6972      15284     359041   Grand Totals
     16110        988      10522       1116      15284     359041   ELF Image Totals (compressed)
     16110        988      10522       1116          0          0   ROM Totals

==============================================================================

    Total RO  Size (Code + RO Data)                26632 (  26.01kB)
    Total RW  Size (RW Data + ZI Data)             22256 (  21.73kB)
    Total ROM Size (Code + RO Data + RW Data)      27748 (  27.10kB)

==============================================================================

